Component: ARM Compiler 5.06 update 6 (build 750) Tool: armlink [4d35ed]

==============================================================================

Section Cross References

    startup_stm32f446xx.o(RESET) refers to startup_stm32f446xx.o(STACK) for __initial_sp
    startup_stm32f446xx.o(RESET) refers to startup_stm32f446xx.o(.text) for Reset_Handler
    startup_stm32f446xx.o(RESET) refers to stm32f4xx_it.o(i.NMI_Handler) for NMI_Handler
    startup_stm32f446xx.o(RESET) refers to stm32f4xx_it.o(i.HardFault_Handler) for HardFault_Handler
    startup_stm32f446xx.o(RESET) refers to stm32f4xx_it.o(i.MemManage_Handler) for MemManage_Handler
    startup_stm32f446xx.o(RESET) refers to stm32f4xx_it.o(i.BusFault_Handler) for BusFault_Handler
    startup_stm32f446xx.o(RESET) refers to stm32f4xx_it.o(i.UsageFault_Handler) for UsageFault_Handler
    startup_stm32f446xx.o(RESET) refers to stm32f4xx_it.o(i.SVC_Handler) for SVC_Handler
    startup_stm32f446xx.o(RESET) refers to stm32f4xx_it.o(i.DebugMon_Handler) for DebugMon_Handler
    startup_stm32f446xx.o(RESET) refers to stm32f4xx_it.o(i.PendSV_Handler) for PendSV_Handler
    startup_stm32f446xx.o(RESET) refers to stm32f4xx_it.o(i.SysTick_Handler) for SysTick_Handler
    startup_stm32f446xx.o(RESET) refers to stm32f4xx_it.o(i.UART4_IRQHandler) for UART4_IRQHandler
    startup_stm32f446xx.o(RESET) refers to stm32f4xx_it.o(i.UART5_IRQHandler) for UART5_IRQHandler
    startup_stm32f446xx.o(.text) refers to system_stm32f4xx.o(i.SystemInit) for SystemInit
    startup_stm32f446xx.o(.text) refers to entry.o(.ARM.Collect$$$$00000000) for __main
    main.o(i.SystemClock_Config) refers to memseta.o(.text) for __aeabi_memclr4
    main.o(i.SystemClock_Config) refers to stm32f4xx_hal_rcc_ex.o(i.HAL_RCC_OscConfig) for HAL_RCC_OscConfig
    main.o(i.SystemClock_Config) refers to main.o(i.Error_Handler) for Error_Handler
    main.o(i.SystemClock_Config) refers to stm32f4xx_hal_pwr_ex.o(i.HAL_PWREx_EnableOverDrive) for HAL_PWREx_EnableOverDrive
    main.o(i.SystemClock_Config) refers to stm32f4xx_hal_rcc.o(i.HAL_RCC_ClockConfig) for HAL_RCC_ClockConfig
    main.o(i.main) refers to stm32f4xx_hal.o(i.HAL_Init) for HAL_Init
    main.o(i.main) refers to main.o(i.SystemClock_Config) for SystemClock_Config
    main.o(i.main) refers to gpio.o(i.MX_GPIO_Init) for MX_GPIO_Init
    main.o(i.main) refers to usart.o(i.MX_UART5_Init) for MX_UART5_Init
    main.o(i.main) refers to usart.o(i.MX_UART4_Init) for MX_UART4_Init
    main.o(i.main) refers to adc.o(i.MX_ADC2_Init) for MX_ADC2_Init
    main.o(i.main) refers to init.o(i.init_str) for init_str
    main.o(i.main) refers to stm32f4xx_hal_uart.o(i.HAL_UART_Receive_IT) for HAL_UART_Receive_IT
    main.o(i.main) refers to printfa.o(i.__0sprintf) for __2sprintf
    main.o(i.main) refers to strlen.o(.text) for strlen
    main.o(i.main) refers to cmd_h.o(i.transimit_str_to) for transimit_str_to
    main.o(i.main) refers to test.o(i.led_cnt) for led_cnt
    main.o(i.main) refers to cmd_h.o(i.reset_packet_object) for reset_packet_object
    main.o(i.main) refers to cmd_h.o(i.get_packet_form_pc) for get_packet_form_pc
    main.o(i.main) refers to test_h.o(i.select_test_routine) for select_test_routine
    main.o(i.main) refers to cmd_h.o(i.enable_rx_interrupt) for enable_rx_interrupt
    main.o(i.main) refers to main.o(.data) for orignal_data
    main.o(i.main) refers to usart.o(.bss) for huart4
    main.o(i.main) refers to main.o(.bss) for response
    stm32f4xx_hal_adc.o(i.ADC_DMAConvCplt) refers to stm32f4xx_hal_adc.o(i.HAL_ADC_ConvCpltCallback) for HAL_ADC_ConvCpltCallback
    stm32f4xx_hal_adc.o(i.ADC_DMAError) refers to stm32f4xx_hal_adc.o(i.HAL_ADC_ErrorCallback) for HAL_ADC_ErrorCallback
    stm32f4xx_hal_adc.o(i.ADC_DMAHalfConvCplt) refers to stm32f4xx_hal_adc.o(i.HAL_ADC_ConvHalfCpltCallback) for HAL_ADC_ConvHalfCpltCallback
    stm32f4xx_hal_adc.o(i.HAL_ADC_ConfigChannel) refers to system_stm32f4xx.o(.data) for SystemCoreClock
    stm32f4xx_hal_adc.o(i.HAL_ADC_DeInit) refers to adc.o(i.HAL_ADC_MspDeInit) for HAL_ADC_MspDeInit
    stm32f4xx_hal_adc.o(i.HAL_ADC_IRQHandler) refers to stm32f4xx_hal_adc.o(i.HAL_ADC_ConvCpltCallback) for HAL_ADC_ConvCpltCallback
    stm32f4xx_hal_adc.o(i.HAL_ADC_IRQHandler) refers to stm32f4xx_hal_adc_ex.o(i.HAL_ADCEx_InjectedConvCpltCallback) for HAL_ADCEx_InjectedConvCpltCallback
    stm32f4xx_hal_adc.o(i.HAL_ADC_IRQHandler) refers to stm32f4xx_hal_adc.o(i.HAL_ADC_LevelOutOfWindowCallback) for HAL_ADC_LevelOutOfWindowCallback
    stm32f4xx_hal_adc.o(i.HAL_ADC_IRQHandler) refers to stm32f4xx_hal_adc.o(i.HAL_ADC_ErrorCallback) for HAL_ADC_ErrorCallback
    stm32f4xx_hal_adc.o(i.HAL_ADC_Init) refers to adc.o(i.HAL_ADC_MspInit) for HAL_ADC_MspInit
    stm32f4xx_hal_adc.o(i.HAL_ADC_Init) refers to stm32f4xx_hal_adc.o(i.ADC_Init) for ADC_Init
    stm32f4xx_hal_adc.o(i.HAL_ADC_PollForConversion) refers to stm32f4xx_hal.o(i.HAL_GetTick) for HAL_GetTick
[...]
    Removing stm32f4xx_hal_flash.o(.rev16_text), (4 bytes).
    Removing stm32f4xx_hal_flash.o(.revsh_text), (4 bytes).
    Removing stm32f4xx_hal_flash.o(.rrx_text), (6 bytes).
    Removing stm32f4xx_hal_flash.o(i.FLASH_Program_Byte), (36 bytes).
    Removing stm32f4xx_hal_flash.o(i.FLASH_Program_DoubleWord), (44 bytes).
    Removing stm32f4xx_hal_flash.o(i.FLASH_Program_HalfWord), (40 bytes).
    Removing stm32f4xx_hal_flash.o(i.FLASH_Program_Word), (40 bytes).
    Removing stm32f4xx_hal_flash.o(i.FLASH_SetErrorCode), (180 bytes).
    Removing stm32f4xx_hal_flash.o(i.FLASH_WaitForLastOperation), (100 bytes).
    Removing stm32f4xx_hal_flash.o(i.HAL_FLASH_EndOfOperationCallback), (2 bytes).
    Removing stm32f4xx_hal_flash.o(i.HAL_FLASH_GetError), (12 bytes).
    Removing stm32f4xx_hal_flash.o(i.HAL_FLASH_IRQHandler), (272 bytes).
    Removing stm32f4xx_hal_flash.o(i.HAL_FLASH_Lock), (20 bytes).
    Removing stm32f4xx_hal_flash.o(i.HAL_FLASH_OB_Launch), (28 bytes).
    Removing stm32f4xx_hal_flash.o(i.HAL_FLASH_OB_Lock), (20 bytes).
    Removing stm32f4xx_hal_flash.o(i.HAL_FLASH_OB_Unlock), (44 bytes).
    Removing stm32f4xx_hal_flash.o(i.HAL_FLASH_OperationErrorCallback), (2 bytes).
    Removing stm32f4xx_hal_flash.o(i.HAL_FLASH_Program), (152 bytes).
    Removing stm32f4xx_hal_flash.o(i.HAL_FLASH_Program_IT), (136 bytes).
    Removing stm32f4xx_hal_flash.o(i.HAL_FLASH_Unlock), (52 bytes).
    Removing stm32f4xx_hal_flash.o(.bss), (32 bytes).
    Removing stm32f4xx_hal_flash_ex.o(.rev16_text), (4 bytes).
    Removing stm32f4xx_hal_flash_ex.o(.revsh_text), (4 bytes).
    Removing stm32f4xx_hal_flash_ex.o(.rrx_text), (6 bytes).
    Removing stm32f4xx_hal_flash_ex.o(i.FLASH_Erase_Sector), (92 bytes).
    Removing stm32f4xx_hal_flash_ex.o(i.FLASH_FlushCaches), (120 bytes).
    Removing stm32f4xx_hal_flash_ex.o(i.FLASH_MassErase), (48 bytes).
    Removing stm32f4xx_hal_flash_ex.o(i.FLASH_OB_BOR_LevelConfig), (32 bytes).
    Removing stm32f4xx_hal_flash_ex.o(i.FLASH_OB_DisablePCROP), (36 bytes).
    Removing stm32f4xx_hal_flash_ex.o(i.FLASH_OB_DisableWRP), (40 bytes).
    Removing stm32f4xx_hal_flash_ex.o(i.FLASH_OB_EnablePCROP), (40 bytes).
    Removing stm32f4xx_hal_flash_ex.o(i.FLASH_OB_EnableWRP), (40 bytes).
    Removing stm32f4xx_hal_flash_ex.o(i.FLASH_OB_GetBOR), (16 bytes).
    Removing stm32f4xx_hal_flash_ex.o(i.FLASH_OB_GetRDP), (36 bytes).
    Removing stm32f4xx_hal_flash_ex.o(i.FLASH_OB_GetUser), (16 bytes).
    Removing stm32f4xx_hal_flash_ex.o(i.FLASH_OB_GetWRP), (12 bytes).
    Removing stm32f4xx_hal_flash_ex.o(i.FLASH_OB_RDP_LevelConfig), (32 bytes).
    Removing stm32f4xx_hal_flash_ex.o(i.FLASH_OB_UserConfig), (60 bytes).
    Removing stm32f4xx_hal_flash_ex.o(i.HAL_FLASHEx_AdvOBGetConfig), (12 bytes).
    Removing stm32f4xx_hal_flash_ex.o(i.HAL_FLASHEx_AdvOBProgram), (42 bytes).
    Removing stm32f4xx_hal_flash_ex.o(i.HAL_FLASHEx_Erase), (172 bytes).
    Removing stm32f4xx_hal_flash_ex.o(i.HAL_FLASHEx_Erase_IT), (120 bytes).
    Removing stm32f4xx_hal_flash_ex.o(i.HAL_FLASHEx_OBGetConfig), (34 bytes).
    Removing stm32f4xx_hal_flash_ex.o(i.HAL_FLASHEx_OBProgram), (148 bytes).
    Removing stm32f4xx_hal_flash_ex.o(i.HAL_FLASHEx_OB_DeSelectPCROP), (24 bytes).
    Removing stm32f4xx_hal_flash_ex.o(i.HAL_FLASHEx_OB_SelectPCROP), (28 bytes).
    Removing stm32f4xx_hal_flash_ramfunc.o(.rev16_text), (4 bytes).
    Removing stm32f4xx_hal_flash_ramfunc.o(.revsh_text), (4 bytes).
    Removing stm32f4xx_hal_flash_ramfunc.o(.rrx_text), (6 bytes).
    Removing stm32f4xx_hal_flash_ramfunc.o(i.HAL_FLASHEx_DisableFlashSleepMode), (60 bytes).
    Removing stm32f4xx_hal_flash_ramfunc.o(i.HAL_FLASHEx_EnableFlashSleepMode), (60 bytes).
    Removing stm32f4xx_hal_flash_ramfunc.o(i.HAL_FLASHEx_StartFlashInterfaceClk), (60 bytes).
    Removing stm32f4xx_hal_flash_ramfunc.o(i.HAL_FLASHEx_StopFlashInterfaceClk), (60 bytes).
    Removing stm32f4xx_hal_gpio.o(.rev16_text), (4 bytes).
    Removing stm32f4xx_hal_gpio.o(.revsh_text), (4 bytes).
    Removing stm32f4xx_hal_gpio.o(.rrx_text), (6 bytes).
    Removing stm32f4xx_hal_gpio.o(i.HAL_GPIO_DeInit), (340 bytes).
    Removing stm32f4xx_hal_gpio.o(i.HAL_GPIO_EXTI_Callback), (2 bytes).
    Removing stm32f4xx_hal_gpio.o(i.HAL_GPIO_EXTI_IRQHandler), (28 bytes).
    Removing stm32f4xx_hal_gpio.o(i.HAL_GPIO_LockPin), (46 bytes).
    Removing stm32f4xx_hal_gpio.o(i.HAL_GPIO_ReadPin), (16 bytes).
    Removing stm32f4xx_hal_dma_ex.o(.rev16_text), (4 bytes).
    Removing stm32f4xx_hal_dma_ex.o(.revsh_text), (4 bytes).
    Removing stm32f4xx_hal_dma_ex.o(.rrx_text), (6 bytes).
    Removing stm32f4xx_hal_dma_ex.o(i.DMA_MultiBufferSetConfig), (32 bytes).
    Removing stm32f4xx_hal_dma_ex.o(i.HAL_DMAEx_ChangeMemory), (18 bytes).
    Removing stm32f4xx_hal_dma_ex.o(i.HAL_DMAEx_MultiBufferStart), (124 bytes).
    Removing stm32f4xx_hal_dma_ex.o(i.HAL_DMAEx_MultiBufferStart_IT), (4056 bytes).
    Removing stm32f4xx_hal_dma.o(.rev16_text), (4 bytes).
    Removing stm32f4xx_hal_dma.o(.revsh_text), (4 bytes).
    Removing stm32f4xx_hal_dma.o(.rrx_text), (6 bytes).
    Removing stm32f4xx_hal_dma.o(i.DMA_CalcBaseAndBitshift), (52 bytes).
    Removing stm32f4xx_hal_dma.o(i.DMA_CheckFifoParam), (170 bytes).
    Removing stm32f4xx_hal_dma.o(i.DMA_SetConfig), (44 bytes).
    Removing stm32f4xx_hal_dma.o(i.HAL_DMA_Abort), (170 bytes).
    Removing stm32f4xx_hal_dma.o(i.HAL_DMA_DeInit), (98 bytes).
    Removing stm32f4xx_hal_dma.o(i.HAL_DMA_GetError), (6 bytes).
    Removing stm32f4xx_hal_dma.o(i.HAL_DMA_GetState), (8 bytes).
    Removing stm32f4xx_hal_dma.o(i.HAL_DMA_IRQHandler), (576 bytes).
    Removing stm32f4xx_hal_dma.o(i.HAL_DMA_Init), (236 bytes).
    Removing stm32f4xx_hal_dma.o(i.HAL_DMA_PollForTransfer), (346 bytes).
    Removing stm32f4xx_hal_dma.o(i.HAL_DMA_RegisterCallback), (94 bytes).
    Removing stm32f4xx_hal_dma.o(i.HAL_DMA_Start), (102 bytes).
    Removing stm32f4xx_hal_dma.o(i.HAL_DMA_Start_IT), (158 bytes).
    Removing stm32f4xx_hal_dma.o(i.HAL_DMA_UnRegisterCallback), (124 bytes).
    Removing stm32f4xx_hal_dma.o(.constdata), (8 bytes).
    Removing stm32f4xx_hal_pwr.o(.rev16_text), (4 bytes).
    Removing stm32f4xx_hal_pwr.o(.revsh_text), (4 bytes).
    Removing stm32f4xx_hal_pwr.o(.rrx_text), (6 bytes).
    Removing stm32f4xx_hal_pwr.o(i.HAL_PWR_ConfigPVD), (180 bytes).
    Removing stm32f4xx_hal_pwr.o(i.HAL_PWR_DeInit), (28 bytes).
    Removing stm32f4xx_hal_pwr.o(i.HAL_PWR_DisableBkUpAccess), (12 bytes).
    Removing stm32f4xx_hal_pwr.o(i.HAL_PWR_DisablePVD), (12 bytes).
    Removing stm32f4xx_hal_pwr.o(i.HAL_PWR_DisableSEVOnPend), (20 bytes).
    Removing stm32f4xx_hal_pwr.o(i.HAL_PWR_DisableSleepOnExit), (20 bytes).
    Removing stm32f4xx_hal_pwr.o(i.HAL_PWR_DisableWakeUpPin), (16 bytes).
    Removing stm32f4xx_hal_pwr.o(i.HAL_PWR_EnableBkUpAccess), (12 bytes).
    Removing stm32f4xx_hal_pwr.o(i.HAL_PWR_EnablePVD), (12 bytes).
    Removing stm32f4xx_hal_pwr.o(i.HAL_PWR_EnableSEVOnPend), (20 bytes).
    Removing stm32f4xx_hal_pwr.o(i.HAL_PWR_EnableSleepOnExit), (20 bytes).
    Removing stm32f4xx_hal_pwr.o(i.HAL_PWR_EnableWakeUpPin), (16 bytes).
    Removing stm32f4xx_hal_pwr.o(i.HAL_PWR_EnterSLEEPMode), (32 bytes).
    Removing stm32f4xx_hal_pwr.o(i.HAL_PWR_EnterSTANDBYMode), (40 bytes).
    Removing stm32f4xx_hal_pwr.o(i.HAL_PWR_EnterSTOPMode), (64 bytes).
    Removing stm32f4xx_hal_pwr.o(i.HAL_PWR_PVDCallback), (2 bytes).
    Removing stm32f4xx_hal_pwr.o(i.HAL_PWR_PVD_IRQHandler), (32 bytes).
    Removing stm32f4xx_hal_pwr_ex.o(.rev16_text), (4 bytes).
    Removing stm32f4xx_hal_pwr_ex.o(.revsh_text), (4 bytes).
    Removing stm32f4xx_hal_pwr_ex.o(.rrx_text), (6 bytes).
    Removing stm32f4xx_hal_pwr_ex.o(i.HAL_PWREx_ControlVoltageScaling), (228 bytes).
    Removing stm32f4xx_hal_pwr_ex.o(i.HAL_PWREx_DisableBkUpReg), (60 bytes).
    Removing stm32f4xx_hal_pwr_ex.o(i.HAL_PWREx_DisableFlashPowerDown), (12 bytes).
    Removing stm32f4xx_hal_pwr_ex.o(i.HAL_PWREx_DisableOverDrive), (140 bytes).
    Removing stm32f4xx_hal_pwr_ex.o(i.HAL_PWREx_EnableBkUpReg), (60 bytes).
    Removing stm32f4xx_hal_pwr_ex.o(i.HAL_PWREx_EnableFlashPowerDown), (12 bytes).
    Removing stm32f4xx_hal_pwr_ex.o(i.HAL_PWREx_EnterUnderDriveSTOPMode), (128 bytes).
    Removing stm32f4xx_hal_pwr_ex.o(i.HAL_PWREx_GetVoltageRange), (16 bytes).
    Removing stm32f4xx_hal_cortex.o(.rev16_text), (4 bytes).
    Removing stm32f4xx_hal_cortex.o(.revsh_text), (4 bytes).
    Removing stm32f4xx_hal_cortex.o(.rrx_text), (6 bytes).
    Removing stm32f4xx_hal_cortex.o(i.HAL_MPU_ConfigRegion), (92 bytes).
    Removing stm32f4xx_hal_cortex.o(i.HAL_MPU_Disable), (44 bytes).
    Removing stm32f4xx_hal_cortex.o(i.HAL_MPU_Enable), (64 bytes).
    Removing stm32f4xx_hal_cortex.o(i.HAL_NVIC_ClearPendingIRQ), (28 bytes).
    Removing stm32f4xx_hal_cortex.o(i.HAL_NVIC_DisableIRQ), (28 bytes).
    Removing stm32f4xx_hal_cortex.o(i.HAL_NVIC_GetActive), (40 bytes).
    Removing stm32f4xx_hal_cortex.o(i.HAL_NVIC_GetPendingIRQ), (40 bytes).
    Removing stm32f4xx_hal_cortex.o(i.HAL_NVIC_GetPriority), (148 bytes).
    Removing stm32f4xx_hal_cortex.o(i.HAL_NVIC_GetPriorityGrouping), (8 bytes).
    Removing stm32f4xx_hal_cortex.o(i.HAL_NVIC_SetPendingIRQ), (28 bytes).
    Removing stm32f4xx_hal_cortex.o(i.HAL_NVIC_SystemReset), (68 bytes).
    Removing stm32f4xx_hal_cortex.o(i.HAL_SYSTICK_CLKSourceConfig), (40 bytes).
    Removing stm32f4xx_hal_cortex.o(i.HAL_SYSTICK_Callback), (2 bytes).
    Removing stm32f4xx_hal_cortex.o(i.HAL_SYSTICK_IRQHandler), (8 bytes).
    Removing stm32f4xx_hal.o(.rev16_text), (4 bytes).
    Removing stm32f4xx_hal.o(.revsh_text), (4 bytes).
    Removing stm32f4xx_hal.o(.rrx_text), (6 bytes).
    Removing stm32f4xx_hal.o(i.HAL_DBGMCU_DisableDBGSleepMode), (20 bytes).
    Removing stm32f4xx_hal.o(i.HAL_DBGMCU_DisableDBGStandbyMode), (20 bytes).
    Removing stm32f4xx_hal.o(i.HAL_DBGMCU_DisableDBGStopMode), (20 bytes).
    Removing stm32f4xx_hal.o(i.HAL_DBGMCU_EnableDBGSleepMode), (20 bytes).
    Removing stm32f4xx_hal.o(i.HAL_DBGMCU_EnableDBGStandbyMode), (20 bytes).
    Removing stm32f4xx_hal.o(i.HAL_DBGMCU_EnableDBGStopMode), (20 bytes).
    Removing stm32f4xx_hal.o(i.HAL_DeInit), (68 bytes).
    Removing stm32f4xx_hal.o(i.HAL_DisableCompensationCell), (12 bytes).
    Removing stm32f4xx_hal.o(i.HAL_EnableCompensationCell), (12 bytes).
    Removing stm32f4xx_hal.o(i.HAL_GetDEVID), (16 bytes).
    Removing stm32f4xx_hal.o(i.HAL_GetHalVersion), (8 bytes).
    Removing stm32f4xx_hal.o(i.HAL_GetREVID), (12 bytes).
    Removing stm32f4xx_hal.o(i.HAL_GetTickFreq), (12 bytes).
    Removing stm32f4xx_hal.o(i.HAL_GetTickPrio), (12 bytes).
    Removing stm32f4xx_hal.o(i.HAL_GetUID), (28 bytes).
    Removing stm32f4xx_hal.o(i.HAL_MspDeInit), (2 bytes).
    Removing stm32f4xx_hal.o(i.HAL_MspInit), (2 bytes).
    Removing stm32f4xx_hal.o(i.HAL_ResumeTick), (18 bytes).
    Removing stm32f4xx_hal.o(i.HAL_SetTickFreq), (40 bytes).
    Removing stm32f4xx_hal.o(i.HAL_SuspendTick), (18 bytes).
    Removing system_stm32f4xx.o(.rev16_text), (4 bytes).
    Removing system_stm32f4xx.o(.revsh_text), (4 bytes).
    Removing system_stm32f4xx.o(.rrx_text), (6 bytes).
    Removing system_stm32f4xx.o(i.SystemCoreClockUpdate), (192 bytes).
    Removing adc.o(.rev16_text), (4 bytes).
    Removing adc.o(.revsh_text), (4 bytes).
    Removing adc.o(.rrx_text), (6 bytes).
    Removing adc.o(i.HAL_ADC_MspDeInit), (48 bytes).
    Removing gpio.o(.rev16_text), (4 bytes).
    Removing gpio.o(.revsh_text), (4 bytes).
    Removing gpio.o(.rrx_text), (6 bytes).
    Removing stm32f4xx_hal_msp.o(.rev16_text), (4 bytes).
    Removing stm32f4xx_hal_msp.o(.revsh_text), (4 bytes).
    Removing stm32f4xx_hal_msp.o(.rrx_text), (6 bytes).
    Removing stm32f4xx_it.o(.rev16_text), (4 bytes).
    Removing stm32f4xx_it.o(.revsh_text), (4 bytes).
    Removing stm32f4xx_it.o(.rrx_text), (6 bytes).
    Removing usart.o(.rev16_text), (4 bytes).
    Removing usart.o(.revsh_text), (4 bytes).
    Removing usart.o(.rrx_text), (6 bytes).
    Removing usart.o(i.HAL_UART_MspDeInit), (116 bytes).
    Removing init.o(.rev16_text), (4 bytes).
    Removing init.o(.revsh_text), (4 bytes).
    Removing init.o(.rrx_text), (6 bytes).
    Removing cmd_h.o(.rev16_text), (4 bytes).
    Removing cmd_h.o(.revsh_text), (4 bytes).
    Removing cmd_h.o(.rrx_text), (6 bytes).
    Removing cmd_h.o(i.uart_tx_data_to), (24 bytes).
    Removing test_h.o(.rev16_text), (4 bytes).
    Removing test_h.o(.revsh_text), (4 bytes).
    Removing test_h.o(.rrx_text), (6 bytes).
    Removing test.o(.rev16_text), (4 bytes).
    Removing test.o(.revsh_text), (4 bytes).
    Removing test.o(.rrx_text), (6 bytes).
    Removing test.o(i.adc_charge_value), (104 bytes).
    Removing test.o(i.super_cap_data_exchange_fun), (368 bytes).
    Removing test.o(i.uart_pin_mux_selection), (152 bytes).
    Removing sys_core.o(.rev16_text), (4 bytes).
    Removing sys_core.o(.revsh_text), (4 bytes).
    Removing sys_core.o(.rrx_text), (6 bytes).
    Removing query.o(.rev16_text), (4 bytes).
    Removing query.o(.revsh_text), (4 bytes).
    Removing query.o(.rrx_text), (6 bytes).

462 unused section(s) (total 39410 bytes) removed from the image.

==============================================================================

Image Symbol Table

    Local Symbols

    Symbol Name                              Value     Ov Type        Size  Object(Section)

    ../Core/Src/main.c                       0x00000000   Number         0  main.o ABSOLUTE
    ../Core/Src/system_stm32f4xx.c           0x00000000   Number         0  system_stm32f4xx.o ABSOLUTE
    ../Drivers/STM32F4xx_HAL_Driver/Src/stm32f4xx_hal.c 0x00000000   Number         0  stm32f4xx_hal.o ABSOLUTE
    ../Drivers/STM32F4xx_HAL_Driver/Src/stm32f4xx_hal_adc.c 0x00000000   Number         0  stm32f4xx_hal_adc.o ABSOLUTE
    ../Drivers/STM32F4xx_HAL_Driver/Src/stm32f4xx_hal_adc_ex.c 0x00000000   Number         0  stm32f4xx_hal_adc_ex.o ABSOLUTE
    ../Drivers/STM32F4xx_HAL_Driver/Src/stm32f4xx_hal_cortex.c 0x00000000   Number         0  stm32f4xx_hal_cortex.o ABSOLUTE
    ../Drivers/STM32F4xx_HAL_Driver/Src/stm32f4xx_hal_dma.c 0x00000000   Number         0  stm32f4xx_hal_dma.o ABSOLUTE
    ../Drivers/STM32F4xx_HAL_Driver/Src/stm32f4xx_hal_dma_ex.c 0x00000000   Number         0  stm32f4xx_hal_dma_ex.o ABSOLUTE
    ../Drivers/STM32F4xx_HAL_Driver/Src/stm32f4xx_hal_flash.c 0x00000000   Number         0  stm32f4xx_hal_flash.o ABSOLUTE
    ../Drivers/STM32F4xx_HAL_Driver/Src/stm32f4xx_hal_flash_ex.c 0x00000000   Number         0  stm32f4xx_hal_flash_ex.o ABSOLUTE
    ../Drivers/STM32F4xx_HAL_Driver/Src/stm32f4xx_hal_flash_ramfunc.c 0x00000000   Number         0  stm32f4xx_hal_flash_ramfunc.o ABSOLUTE
    ../Drivers/STM32F4xx_HAL_Driver/Src/stm32f4xx_hal_gpio.c 0x00000000   Number         0  stm32f4xx_hal_gpio.o ABSOLUTE
    ../Drivers/STM32F4xx_HAL_Driver/Src/stm32f4xx_hal_pwr.c 0x00000000   Number         0  stm32f4xx_hal_pwr.o ABSOLUTE
    ../Drivers/STM32F4xx_HAL_Driver/Src/stm32f4xx_hal_pwr_ex.c 0x00000000   Number         0  stm32f4xx_hal_pwr_ex.o ABSOLUTE
    ../Drivers/STM32F4xx_HAL_Driver/Src/stm32f4xx_hal_rcc.c 0x00000000   Number         0  stm32f4xx_hal_rcc.o ABSOLUTE
    ../Drivers/STM32F4xx_HAL_Driver/Src/stm32f4xx_hal_rcc_ex.c 0x00000000   Number         0  stm32f4xx_hal_rcc_ex.o ABSOLUTE
    ../Drivers/STM32F4xx_HAL_Driver/Src/stm32f4xx_hal_tim.c 0x00000000   Number         0  stm32f4xx_hal_tim.o ABSOLUTE
    ../Drivers/STM32F4xx_HAL_Driver/Src/stm32f4xx_hal_tim_ex.c 0x00000000   Number         0  stm32f4xx_hal_tim_ex.o ABSOLUTE
    ../Drivers/STM32F4xx_HAL_Driver/Src/stm32f4xx_hal_uart.c 0x00000000   Number         0  stm32f4xx_hal_uart.o ABSOLUTE
    ../clib/microlib/division.c              0x00000000   Number         0  uldiv.o ABSOLUTE
    ../clib/microlib/division.c              0x00000000   Number         0  uidiv.o ABSOLUTE
    ../clib/microlib/init/entry.s            0x00000000   Number         0  entry9b.o ABSOLUTE
    ../clib/microlib/init/entry.s            0x00000000   Number         0  entry9a.o ABSOLUTE
    ../clib/microlib/init/entry.s            0x00000000   Number         0  entry8b.o ABSOLUTE
    ../clib/microlib/init/entry.s            0x00000000   Number         0  entry8a.o ABSOLUTE
    ../clib/microlib/init/entry.s            0x00000000   Number         0  entry7a.o ABSOLUTE
    ../clib/microlib/init/entry.s            0x00000000   Number         0  entry5.o ABSOLUTE
    ../clib/microlib/init/entry.s            0x00000000   Number         0  entry2.o ABSOLUTE
    ../clib/microlib/init/entry.s            0x00000000   Number         0  entry10a.o ABSOLUTE
    ../clib/microlib/init/entry.s            0x00000000   Number         0  entry.o ABSOLUTE
    ../clib/microlib/init/entry.s            0x00000000   Number         0  entry11b.o ABSOLUTE
    ../clib/microlib/init/entry.s            0x00000000   Number         0  entry11a.o ABSOLUTE
    ../clib/microlib/init/entry.s            0x00000000   Number         0  entry10b.o ABSOLUTE
    ../clib/microlib/init/entry.s            0x00000000   Number         0  entry7b.o ABSOLUTE
    ../clib/microlib/longlong.c              0x00000000   Number         0  llushr.o ABSOLUTE
    ../clib/microlib/longlong.c              0x00000000   Number         0  llshl.o ABSOLUTE
    ../clib/microlib/longlong.c              0x00000000   Number         0  llsshr.o ABSOLUTE
    ../clib/microlib/malloc/malloc.c         0x00000000   Number         0  mallocr.o ABSOLUTE
    ../clib/microlib/malloc/malloc.c         0x00000000   Number         0  malloc.o ABSOLUTE
    ../clib/microlib/malloc/malloc.c         0x00000000   Number         0  mallocra.o ABSOLUTE
    ../clib/microlib/malloc/malloc.c         0x00000000   Number         0  malloca.o ABSOLUTE
    ../clib/microlib/malloc/mvars.c          0x00000000   Number         0  mvars.o ABSOLUTE
    ../clib/microlib/printf/printf.c         0x00000000   Number         0  printfa.o ABSOLUTE
    ../clib/microlib/printf/printf.c         0x00000000   Number         0  printf4.o ABSOLUTE
    ../clib/microlib/printf/printf.c         0x00000000   Number         0  printf5.o ABSOLUTE
    ../clib/microlib/printf/printf.c         0x00000000   Number         0  printfb.o ABSOLUTE
    ../clib/microlib/printf/printf.c         0x00000000   Number         0  printf0.o ABSOLUTE
    ../clib/microlib/printf/printf.c         0x00000000   Number         0  printf1.o ABSOLUTE
    ../clib/microlib/printf/printf.c         0x00000000   Number         0  printf2.o ABSOLUTE
    ../clib/microlib/printf/printf.c         0x00000000   Number         0  printf3.o ABSOLUTE
    ../clib/microlib/printf/printf.c         0x00000000   Number         0  printf6.o ABSOLUTE
    ../clib/microlib/printf/printf.c         0x00000000   Number         0  printf7.o ABSOLUTE
    ../clib/microlib/printf/printf.c         0x00000000   Number         0  printf8.o ABSOLUTE
    ../clib/microlib/printf/stubs.s          0x00000000   Number         0  stubs.o ABSOLUTE
    ../clib/microlib/stdio/fputc.c           0x00000000   Number         0  fputc.o ABSOLUTE
    ../clib/microlib/stdio/semi.s            0x00000000   Number         0  semi.o ABSOLUTE
    ../clib/microlib/stdio/streams.c         0x00000000   Number         0  stdout.o ABSOLUTE
    ../clib/microlib/string/memcpy.c         0x00000000   Number         0  memcpya.o ABSOLUTE
    ../clib/microlib/string/memcpy.c         0x00000000   Number         0  memcpyb.o ABSOLUTE
    ../clib/microlib/string/memset.c         0x00000000   Number         0  memseta.o ABSOLUTE
    ../clib/microlib/string/strcpy.c         0x00000000   Number         0  strcpy.o ABSOLUTE
    ../clib/microlib/string/strlen.c         0x00000000   Number         0  strlen.o ABSOLUTE
    ../clib/microlib/string/strncmp.c        0x00000000   Number         0  strncmp.o ABSOLUTE
    ../clib/microlib/stubs.s                 0x00000000   Number         0  iusesemip.o ABSOLUTE
    ../clib/microlib/stubs.s                 0x00000000   Number         0  iusefp.o ABSOLUTE
    ../fplib/microlib/d2f.c                  0x00000000   Number         0  d2f.o ABSOLUTE
    ../fplib/microlib/f2d.c                  0x00000000   Number         0  f2d.o ABSOLUTE
    ../fplib/microlib/fpadd.c                0x00000000   Number         0  dadd.o ABSOLUTE
    ../fplib/microlib/fpdiv.c                0x00000000   Number         0  ddiv.o ABSOLUTE
    ../fplib/microlib/fpepilogue.c           0x00000000   Number         0  fepilogue.o ABSOLUTE
    ../fplib/microlib/fpepilogue.c           0x00000000   Number         0  depilogue.o ABSOLUTE
    ../fplib/microlib/fpfix.c                0x00000000   Number         0  dfixul.o ABSOLUTE
    ../fplib/microlib/fpmul.c                0x00000000   Number         0  dmul.o ABSOLUTE
    ..\Core\Src\adc.c                        0x00000000   Number         0  adc.o ABSOLUTE
    ..\Core\Src\cmd_h.c                      0x00000000   Number         0  cmd_h.o ABSOLUTE
    ..\Core\Src\gpio.c                       0x00000000   Number         0  gpio.o ABSOLUTE
    ..\Core\Src\init.c                       0x00000000   Number         0  init.o ABSOLUTE
    ..\Core\Src\main.c                       0x00000000   Number         0  main.o ABSOLUTE
    ..\Core\Src\query.c                      0x00000000   Number         0  query.o ABSOLUTE
    ..\Core\Src\stm32f4xx_hal_msp.c          0x00000000   Number         0  stm32f4xx_hal_msp.o ABSOLUTE
    ..\Core\Src\stm32f4xx_it.c               0x00000000   Number         0  stm32f4xx_it.o ABSOLUTE
    ..\Core\Src\sys_core.c                   0x00000000   Number         0  sys_core.o ABSOLUTE
    ..\Core\Src\system_stm32f4xx.c           0x00000000   Number         0  system_stm32f4xx.o ABSOLUTE
    ..\Core\Src\test.c                       0x00000000   Number         0  test.o ABSOLUTE
    ..\Core\Src\test_h.c                     0x00000000   Number         0  test_h.o ABSOLUTE
    ..\Core\Src\usart.c                      0x00000000   Number         0  usart.o ABSOLUTE
    ..\Drivers\STM32F4xx_HAL_Driver\Src\stm32f4xx_hal.c 0x00000000   Number         0  stm32f4xx_hal.o ABSOLUTE
    ..\Drivers\STM32F4xx_HAL_Driver\Src\stm32f4xx_hal_adc.c 0x00000000   Number         0  stm32f4xx_hal_adc.o ABSOLUTE
    ..\Drivers\STM32F4xx_HAL_Driver\Src\stm32f4xx_hal_adc_ex.c 0x00000000   Number         0  stm32f4xx_hal_adc_ex.o ABSOLUTE
    ..\Drivers\STM32F4xx_HAL_Driver\Src\stm32f4xx_hal_cortex.c 0x00000000   Number         0  stm32f4xx_hal_cortex.o ABSOLUTE
    ..\Drivers\STM32F4xx_HAL_Driver\Src\stm32f4xx_hal_dma.c 0x00000000   Number         0  stm32f4xx_hal_dma.o ABSOLUTE
    ..\Drivers\STM32F4xx_HAL_Driver\Src\stm32f4xx_hal_dma_ex.c 0x00000000   Number         0  stm32f4xx_hal_dma_ex.o ABSOLUTE
    ..\Drivers\STM32F4xx_HAL_Driver\Src\stm32f4xx_hal_flash.c 0x00000000   Number         0  stm32f4xx_hal_flash.o ABSOLUTE
    ..\Drivers\STM32F4xx_HAL_Driver\Src\stm32f4xx_hal_flash_ex.c 0x00000000   Number         0  stm32f4xx_hal_flash_ex.o ABSOLUTE
    ..\Drivers\STM32F4xx_HAL_Driver\Src\stm32f4xx_hal_flash_ramfunc.c 0x00000000   Number         0  stm32f4xx_hal_flash_ramfunc.o ABSOLUTE
    ..\Drivers\STM32F4xx_HAL_Driver\Src\stm32f4xx_hal_gpio.c 0x00000000   Number         0  stm32f4xx_hal_gpio.o ABSOLUTE
    ..\Drivers\STM32F4xx_HAL_Driver\Src\stm32f4xx_hal_pwr.c 0x00000000   Number         0  stm32f4xx_hal_pwr.o ABSOLUTE
    ..\Drivers\STM32F4xx_HAL_Driver\Src\stm32f4xx_hal_pwr_ex.c 0x00000000   Number         0  stm32f4xx_hal_pwr_ex.o ABSOLUTE
    ..\Drivers\STM32F4xx_HAL_Driver\Src\stm32f4xx_hal_rcc.c 0x00000000   Number         0  stm32f4xx_hal_rcc.o ABSOLUTE
    ..\Drivers\STM32F4xx_HAL_Driver\Src\stm32f4xx_hal_rcc_ex.c 0x00000000   Number         0  stm32f4xx_hal_rcc_ex.o ABSOLUTE
    ..\Drivers\STM32F4xx_HAL_Driver\Src\stm32f4xx_hal_tim.c 0x00000000   Number         0  stm32f4xx_hal_tim.o ABSOLUTE
    ..\Drivers\STM32F4xx_HAL_Driver\Src\stm32f4xx_hal_tim_ex.c 0x00000000   Number         0  stm32f4xx_hal_tim_ex.o ABSOLUTE
    ..\Drivers\STM32F4xx_HAL_Driver\Src\stm32f4xx_hal_uart.c 0x00000000   Number         0  stm32f4xx_hal_uart.o ABSOLUTE
    ..\\Core\\Src\\adc.c                     0x00000000   Number         0  adc.o ABSOLUTE
    ..\\Core\\Src\\cmd_h.c                   0x00000000   Number         0  cmd_h.o ABSOLUTE
    ..\\Core\\Src\\gpio.c                    0x00000000   Number         0  gpio.o ABSOLUTE
    ..\\Core\\Src\\init.c                    0x00000000   Number         0  init.o ABSOLUTE
    ..\\Core\\Src\\query.c                   0x00000000   Number         0  query.o ABSOLUTE
    ..\\Core\\Src\\stm32f4xx_hal_msp.c       0x00000000   Number         0  stm32f4xx_hal_msp.o ABSOLUTE
    ..\\Core\\Src\\stm32f4xx_it.c            0x00000000   Number         0  stm32f4xx_it.o ABSOLUTE
    ..\\Core\\Src\\sys_core.c                0x00000000   Number         0  sys_core.o ABSOLUTE
    ..\\Core\\Src\\test.c                    0x00000000   Number         0  test.o ABSOLUTE
    ..\\Core\\Src\\test_h.c                  0x00000000   Number         0  test_h.o ABSOLUTE
    ..\\Core\\Src\\usart.c                   0x00000000   Number         0  usart.o ABSOLUTE
    cdrcmple.s                               0x00000000   Number         0  cdrcmple.o ABSOLUTE
    dc.s                                     0x00000000   Number         0  dc.o ABSOLUTE
    handlers.s                               0x00000000   Number         0  handlers.o ABSOLUTE
    init.s                                   0x00000000   Number         0  init.o ABSOLUTE
    startup_stm32f446xx.s                    0x00000000   Number         0  startup_stm32f446xx.o ABSOLUTE
    RESET                                    0x08000000   Section      452  startup_stm32f446xx.o(RESET)
    .ARM.Collect$$$$00000000                 0x080001c4   Section        0  entry.o(.ARM.Collect$$$$00000000)
    .ARM.Collect$$$$00000001                 0x080001c4   Section        4  entry2.o(.ARM.Collect$$$$00000001)
    .ARM.Collect$$$$00000004                 0x080001c8   Section        4  entry5.o(.ARM.Collect$$$$00000004)
    .ARM.Collect$$$$00000008                 0x080001cc   Section        0  entry7b.o(.ARM.Collect$$$$00000008)
    .ARM.Collect$$$$0000000A                 0x080001cc   Section        0  entry8b.o(.ARM.Collect$$$$0000000A)
    .ARM.Collect$$$$0000000B                 0x080001cc   Section        8  entry9a.o(.ARM.Collect$$$$0000000B)
    .ARM.Collect$$$$0000000D                 0x080001d4   Section        0  entry10a.o(.ARM.Collect$$$$0000000D)
    .ARM.Collect$$$$0000000F                 0x080001d4   Section        0  entry11a.o(.ARM.Collect$$$$0000000F)
    .ARM.Collect$$$$00002712                 0x080001d4   Section        4  entry2.o(.ARM.Collect$$$$00002712)
    __lit__00000000                          0x080001d4   Data           4  entry2.o(.ARM.Collect$$$$00002712)
    .text                                    0x080001d8   Section       36  startup_stm32f446xx.o(.text)
    $v0                                      0x080001d8   Number         0  startup_stm32f446xx.o(.text)
    .text                                    0x080001fc   Section        0  uldiv.o(.text)
    .text                                    0x0800025e   Section        0  memseta.o(.text)
    .text                                    0x08000282   Section        0  strlen.o(.text)
    .text                                    0x08000290   Section        0  strcpy.o(.text)
    .text                                    0x080002a2   Section        0  strncmp.o(.text)
    .text                                    0x080002c0   Section        0  dmul.o(.text)
    .text                                    0x080003a4   Section        0  f2d.o(.text)
    .text                                    0x080003cc   Section       48  cdrcmple.o(.text)
    .text                                    0x080003fc   Section        0  d2f.o(.text)
    .text                                    0x08000434   Section        0  uidiv.o(.text)
    .text                                    0x08000460   Section        0  llshl.o(.text)
    .text                                    0x0800047e   Section        0  llushr.o(.text)
    .text                                    0x0800049e   Section        0  fepilogue.o(.text)
    .text                                    0x0800049e   Section        0  iusefp.o(.text)
    .text                                    0x0800050c   Section        0  depilogue.o(.text)
    .text                                    0x080005c6   Section        0  dadd.o(.text)
    .text                                    0x08000714   Section        0  ddiv.o(.text)
    .text                                    0x080007f2   Section        0  dfixul.o(.text)
    .text                                    0x08000824   Section       36  init.o(.text)
    .text                                    0x08000848   Section        0  llsshr.o(.text)
    i.ADC_Init                               0x0800086c   Section        0  stm32f4xx_hal_adc.o(i.ADC_Init)
    ADC_Init                                 0x0800086d   Thumb Code   340  stm32f4xx_hal_adc.o(i.ADC_Init)
    i.BusFault_Handler                       0x080009c8   Section        0  stm32f4xx_it.o(i.BusFault_Handler)
    i.DebugMon_Handler                       0x080009cc   Section        0  stm32f4xx_it.o(i.DebugMon_Handler)
    i.Dual_mux_selection                     0x080009d0   Section        0  test.o(i.Dual_mux_selection)
    i.Error_Handler                          0x08000a4c   Section        0  main.o(i.Error_Handler)
    i.Get_ADC2_value                         0x08000a50   Section        0  sys_core.o(i.Get_ADC2_value)
    i.HAL_ADC_ConfigChannel                  0x08000ab0   Section        0  stm32f4xx_hal_adc.o(i.HAL_ADC_ConfigChannel)
    i.HAL_ADC_GetState                       0x08000c44   Section        0  stm32f4xx_hal_adc.o(i.HAL_ADC_GetState)
    i.HAL_ADC_GetValue                       0x08000c4a   Section        0  stm32f4xx_hal_adc.o(i.HAL_ADC_GetValue)
    i.HAL_ADC_Init                           0x08000c54   Section        0  stm32f4xx_hal_adc.o(i.HAL_ADC_Init)
    i.HAL_ADC_MspInit                        0x08000cbc   Section        0  adc.o(i.HAL_ADC_MspInit)
    i.HAL_ADC_PollForConversion              0x08000d3c   Section        0  stm32f4xx_hal_adc.o(i.HAL_ADC_PollForConversion)
    i.HAL_ADC_Start                          0x08000df8   Section        0  stm32f4xx_hal_adc.o(i.HAL_ADC_Start)
    i.HAL_DMA_Abort_IT                       0x08000ef8   Section        0  stm32f4xx_hal_dma.o(i.HAL_DMA_Abort_IT)
    i.HAL_Delay                              0x08000f20   Section        0  stm32f4xx_hal.o(i.HAL_Delay)
    i.HAL_GPIO_Init                          0x08000f48   Section        0  stm32f4xx_hal_gpio.o(i.HAL_GPIO_Init)
    i.HAL_GPIO_TogglePin                     0x08001138   Section        0  stm32f4xx_hal_gpio.o(i.HAL_GPIO_TogglePin)
    i.HAL_GPIO_WritePin                      0x08001140   Section        0  stm32f4xx_hal_gpio.o(i.HAL_GPIO_WritePin)
    i.HAL_GetTick                            0x0800114c   Section        0  stm32f4xx_hal.o(i.HAL_GetTick)
    i.HAL_IncTick                            0x08001158   Section        0  stm32f4xx_hal.o(i.HAL_IncTick)
    i.HAL_Init                               0x08001170   Section        0  stm32f4xx_hal.o(i.HAL_Init)
    i.HAL_InitTick                           0x080011ac   Section        0  stm32f4xx_hal.o(i.HAL_InitTick)
    i.HAL_MspInit                            0x080011f8   Section        0  stm32f4xx_hal_msp.o(i.HAL_MspInit)
    i.HAL_NVIC_EnableIRQ                     0x08001240   Section        0  stm32f4xx_hal_cortex.o(i.HAL_NVIC_EnableIRQ)
    i.HAL_NVIC_SetPriority                   0x0800125a   Section        0  stm32f4xx_hal_cortex.o(i.HAL_NVIC_SetPriority)
    i.HAL_NVIC_SetPriorityGrouping           0x080012d8   Section        0  stm32f4xx_hal_cortex.o(i.HAL_NVIC_SetPriorityGrouping)
    i.HAL_PWREx_EnableOverDrive              0x08001300   Section        0  stm32f4xx_hal_pwr_ex.o(i.HAL_PWREx_EnableOverDrive)
    i.HAL_RCC_ClockConfig                    0x0800138c   Section        0  stm32f4xx_hal_rcc.o(i.HAL_RCC_ClockConfig)
    i.HAL_RCC_GetHCLKFreq                    0x0800150c   Section        0  stm32f4xx_hal_rcc.o(i.HAL_RCC_GetHCLKFreq)
    i.HAL_RCC_GetPCLK1Freq                   0x08001518   Section        0  stm32f4xx_hal_rcc.o(i.HAL_RCC_GetPCLK1Freq)
    i.HAL_RCC_GetPCLK2Freq                   0x08001538   Section        0  stm32f4xx_hal_rcc.o(i.HAL_RCC_GetPCLK2Freq)
    i.HAL_RCC_GetSysClockFreq                0x08001558   Section        0  stm32f4xx_hal_rcc_ex.o(i.HAL_RCC_GetSysClockFreq)
    i.HAL_RCC_OscConfig                      0x08001670   Section        0  stm32f4xx_hal_rcc_ex.o(i.HAL_RCC_OscConfig)
    i.HAL_SYSTICK_Config                     0x08001af0   Section        0  stm32f4xx_hal_cortex.o(i.HAL_SYSTICK_Config)
    i.HAL_UART_ErrorCallback                 0x08001b24   Section        0  stm32f4xx_hal_uart.o(i.HAL_UART_ErrorCallback)
    i.HAL_UART_GetState                      0x08001b26   Section        0  stm32f4xx_hal_uart.o(i.HAL_UART_GetState)
    i.HAL_UART_IRQHandler                    0x08001b3c   Section        0  stm32f4xx_hal_uart.o(i.HAL_UART_IRQHandler)
    i.HAL_UART_Init                          0x08001c88   Section        0  stm32f4xx_hal_uart.o(i.HAL_UART_Init)
    i.HAL_UART_MspInit                       0x08001cfc   Section        0  usart.o(i.HAL_UART_MspInit)
    i.HAL_UART_Receive_IT                    0x08001e6c   Section        0  stm32f4xx_hal_uart.o(i.HAL_UART_Receive_IT)
    i.HAL_UART_RxCpltCallback                0x08001ed0   Section        0  cmd_h.o(i.HAL_UART_RxCpltCallback)
    i.HAL_UART_Transmit                      0x0800203c   Section        0  stm32f4xx_hal_uart.o(i.HAL_UART_Transmit)
    i.HAL_UART_TxCpltCallback                0x08002112   Section        0  stm32f4xx_hal_uart.o(i.HAL_UART_TxCpltCallback)
    i.HardFault_Handler                      0x08002114   Section        0  stm32f4xx_it.o(i.HardFault_Handler)
    i.MX_ADC2_Init                           0x08002118   Section        0  adc.o(i.MX_ADC2_Init)
    i.MX_GPIO_Init                           0x08002184   Section        0  gpio.o(i.MX_GPIO_Init)
    i.MX_UART4_Init                          0x080022bc   Section        0  usart.o(i.MX_UART4_Init)
    i.MX_UART5_Init                          0x080022f4   Section        0  usart.o(i.MX_UART5_Init)
    i.MemManage_Handler                      0x0800232c   Section        0  stm32f4xx_it.o(i.MemManage_Handler)
    i.NMI_Handler                            0x08002330   Section        0  stm32f4xx_it.o(i.NMI_Handler)
    i.NVIC_GetPriorityGrouping               0x08002334   Section        0  stm32f4xx_hal_cortex.o(i.NVIC_GetPriorityGrouping)
    NVIC_GetPriorityGrouping                 0x08002335   Thumb Code    10  stm32f4xx_hal_cortex.o(i.NVIC_GetPriorityGrouping)
    i.NVIC_SetPriority                       0x08002344   Section        0  stm32f4xx_hal_cortex.o(i.NVIC_SetPriority)
    NVIC_SetPriority                         0x08002345   Thumb Code    32  stm32f4xx_hal_cortex.o(i.NVIC_SetPriority)
    i.PendSV_Handler                         0x0800236c   Section        0  stm32f4xx_it.o(i.PendSV_Handler)
    i.SVC_Handler                            0x0800236e   Section        0  stm32f4xx_it.o(i.SVC_Handler)
    i.Scap_EN_PIN_SEL                        0x08002370   Section        0  test.o(i.Scap_EN_PIN_SEL)
    i.Sense_PIN_SEL                          0x08002420   Section        0  test.o(i.Sense_PIN_SEL)
    i.SysTick_Handler                        0x080024c8   Section        0  stm32f4xx_it.o(i.SysTick_Handler)
    i.SystemClock_Config                     0x080024d0   Section        0  main.o(i.SystemClock_Config)
    i.SystemInit                             0x0800258c   Section        0  system_stm32f4xx.o(i.SystemInit)
    i.UART4_IRQHandler                       0x080025f0   Section        0  stm32f4xx_it.o(i.UART4_IRQHandler)
    i.UART5_IRQHandler                       0x08002600   Section        0  stm32f4xx_it.o(i.UART5_IRQHandler)
    i.UART_DMAAbortOnError                   0x08002610   Section        0  stm32f4xx_hal_uart.o(i.UART_DMAAbortOnError)
    UART_DMAAbortOnError                     0x08002611   Thumb Code    20  stm32f4xx_hal_uart.o(i.UART_DMAAbortOnError)
    i.UART_EndRxTransfer                     0x08002624   Section        0  stm32f4xx_hal_uart.o(i.UART_EndRxTransfer)
    UART_EndRxTransfer                       0x08002625   Thumb Code    32  stm32f4xx_hal_uart.o(i.UART_EndRxTransfer)
    i.UART_EndTransmit_IT                    0x08002644   Section        0  stm32f4xx_hal_uart.o(i.UART_EndTransmit_IT)
    UART_EndTransmit_IT                      0x08002645   Thumb Code    32  stm32f4xx_hal_uart.o(i.UART_EndTransmit_IT)
    i.UART_Receive_IT                        0x08002664   Section        0  stm32f4xx_hal_uart.o(i.UART_Receive_IT)
    UART_Receive_IT                          0x08002665   Thumb Code   154  stm32f4xx_hal_uart.o(i.UART_Receive_IT)
    i.UART_SetConfig                         0x08002700   Section        0  stm32f4xx_hal_uart.o(i.UART_SetConfig)
    UART_SetConfig                           0x08002701   Thumb Code   864  stm32f4xx_hal_uart.o(i.UART_SetConfig)
    i.UART_Transmit_IT                       0x08002a68   Section        0  stm32f4xx_hal_uart.o(i.UART_Transmit_IT)
    UART_Transmit_IT                         0x08002a69   Thumb Code   104  stm32f4xx_hal_uart.o(i.UART_Transmit_IT)
    i.UART_WaitOnFlagUntilTimeout            0x08002ad0   Section        0  stm32f4xx_hal_uart.o(i.UART_WaitOnFlagUntilTimeout)
    UART_WaitOnFlagUntilTimeout              0x08002ad1   Thumb Code   108  stm32f4xx_hal_uart.o(i.UART_WaitOnFlagUntilTimeout)
    i.UsageFault_Handler                     0x08002b3c   Section        0  stm32f4xx_it.o(i.UsageFault_Handler)
    i.__0sprintf                             0x08002b40   Section        0  printfa.o(i.__0sprintf)
    i.__scatterload_copy                     0x08002b68   Section       14  handlers.o(i.__scatterload_copy)
    i.__scatterload_null                     0x08002b76   Section        2  handlers.o(i.__scatterload_null)
    i.__scatterload_zeroinit                 0x08002b78   Section       14  handlers.o(i.__scatterload_zeroinit)
    i._fp_digits                             0x08002b88   Section        0  printfa.o(i._fp_digits)
    _fp_digits                               0x08002b89   Thumb Code   366  printfa.o(i._fp_digits)
    i._printf_core                           0x08002d0c   Section        0  printfa.o(i._printf_core)
    _printf_core                             0x08002d0d   Thumb Code  1744  printfa.o(i._printf_core)
    i._printf_post_padding                   0x080033e8   Section        0  printfa.o(i._printf_post_padding)
    _printf_post_padding                     0x080033e9   Thumb Code    36  printfa.o(i._printf_post_padding)
    i._printf_pre_padding                    0x0800340c   Section        0  printfa.o(i._printf_pre_padding)
    _printf_pre_padding                      0x0800340d   Thumb Code    46  printfa.o(i._printf_pre_padding)
    i._sputc                                 0x0800343a   Section        0  printfa.o(i._sputc)
    _sputc                                   0x0800343b   Thumb Code    10  printfa.o(i._sputc)
    i.charge_enable_pin                      0x08003444   Section        0  test.o(i.charge_enable_pin)
    i.disharge_pin                           0x0800349c   Section        0  test.o(i.disharge_pin)
    i.enable_rx_interrupt                    0x080034dc   Section        0  cmd_h.o(i.enable_rx_interrupt)
    i.get_packet_form_pc                     0x080034fc   Section        0  cmd_h.o(i.get_packet_form_pc)
    i.hal_min                                0x080035e0   Section        0  test.o(i.hal_min)
    i.hal_sec                                0x080035f6   Section        0  test.o(i.hal_sec)
    i.init_str                               0x0800360e   Section        0  init.o(i.init_str)
    i.led_cnt                                0x08003624   Section        0  test.o(i.led_cnt)
    i.main                                   0x08003690   Section        0  main.o(i.main)
    i.malloc                                 0x08003798   Section        0  malloc.o(i.malloc)
    i.my_delay                               0x08003804   Section        0  test.o(i.my_delay)
    i.reset_packet_object                    0x0800381c   Section        0  cmd_h.o(i.reset_packet_object)
    i.select_test_routine                    0x0800382c   Section        0  test_h.o(i.select_test_routine)
    i.transimit_str_to                       0x08003950   Section        0  cmd_h.o(i.transimit_str_to)
    i.vol_read_all                           0x0800396c   Section        0  test.o(i.vol_read_all)
    .constdata                               0x08003e14   Section       24  system_stm32f4xx.o(.constdata)
    .conststring                             0x08003e2c   Section      107  test.o(.conststring)
    .data                                    0x20000000   Section        9  main.o(.data)
    .data                                    0x2000000c   Section        9  stm32f4xx_hal.o(.data)
    .data                                    0x20000018   Section        4  system_stm32f4xx.o(.data)
    .data                                    0x2000001c   Section        1  cmd_h.o(.data)
    .data                                    0x20000020   Section       40  test.o(.data)
    .data                                    0x20000048   Section        4  mvars.o(.data)
    .data                                    0x2000004c   Section        4  mvars.o(.data)
    .bss                                     0x20000050   Section      310  main.o(.bss)
    .bss                                     0x20000188   Section       72  adc.o(.bss)
    .bss                                     0x200001d0   Section      128  usart.o(.bss)
    HEAP                                     0x20000250   Section      512  startup_stm32f446xx.o(HEAP)
    STACK                                    0x20000450   Section     1024  startup_stm32f446xx.o(STACK)

    Global Symbols

    Symbol Name                              Value     Ov Type        Size  Object(Section)

    BuildAttributes$$THM_ISAv4$E$P$D$K$B$S$7EM$VFPi3$EXTD16$VFPS$VFMA$PE$A:L22UL41UL21$X:L11$S22US41US21$IEEE1$IW$USESV6$~STKCKD$USESV7$~SHL$OTIME$ROPI$EBA8$MICROLIB$REQ8$PRES8$EABIv2 0x00000000   Number         0  anon$$obj.o ABSOLUTE
    __ARM_use_no_argv                        0x00000000   Number         0  main.o ABSOLUTE
    _printf_a                                0x00000000   Number         0  stubs.o ABSOLUTE
    _printf_c                                0x00000000   Number         0  stubs.o ABSOLUTE
    _printf_charcount                        0x00000000   Number         0  stubs.o ABSOLUTE
    _printf_d                                0x00000000   Number         0  stubs.o ABSOLUTE
    _printf_e                                0x00000000   Number         0  stubs.o ABSOLUTE
    _printf_f                                0x00000000   Number         0  stubs.o ABSOLUTE
    _printf_flags                            0x00000000   Number         0  stubs.o ABSOLUTE
    _printf_fp_dec                           0x00000000   Number         0  stubs.o ABSOLUTE
    _printf_fp_hex                           0x00000000   Number         0  stubs.o ABSOLUTE
    _printf_g                                0x00000000   Number         0  stubs.o ABSOLUTE
    _printf_i                                0x00000000   Number         0  stubs.o ABSOLUTE
    _printf_int_dec                          0x00000000   Number         0  stubs.o ABSOLUTE
    _printf_l                                0x00000000   Number         0  stubs.o ABSOLUTE
    _printf_lc                               0x00000000   Number         0  stubs.o ABSOLUTE
    _printf_ll                               0x00000000   Number         0  stubs.o ABSOLUTE
    _printf_lld                              0x00000000   Number         0  stubs.o ABSOLUTE
    _printf_lli                              0x00000000   Number         0  stubs.o ABSOLUTE
    _printf_llo                              0x00000000   Number         0  stubs.o ABSOLUTE
    _printf_llu                              0x00000000   Number         0  stubs.o ABSOLUTE
    _printf_llx                              0x00000000   Number         0  stubs.o ABSOLUTE
    _printf_longlong_dec                     0x00000000   Number         0  stubs.o ABSOLUTE
    _printf_longlong_hex                     0x00000000   Number         0  stubs.o ABSOLUTE
    _printf_longlong_oct                     0x00000000   Number         0  stubs.o ABSOLUTE
    _printf_ls                               0x00000000   Number         0  stubs.o ABSOLUTE
    _printf_mbtowc                           0x00000000   Number         0  stubs.o ABSOLUTE
    _printf_n                                0x00000000   Number         0  stubs.o ABSOLUTE
    _printf_o                                0x00000000   Number         0  stubs.o ABSOLUTE
    _printf_p                                0x00000000   Number         0  stubs.o ABSOLUTE
    _printf_percent                          0x00000000   Number         0  stubs.o ABSOLUTE
    _printf_pre_padding                      0x00000000   Number         0  stubs.o ABSOLUTE
    _printf_return_value                     0x00000000   Number         0  stubs.o ABSOLUTE
    _printf_s                                0x00000000   Number         0  stubs.o ABSOLUTE
    _printf_sizespec                         0x00000000   Number         0  stubs.o ABSOLUTE
    _printf_str                              0x00000000   Number         0  stubs.o ABSOLUTE
    _printf_truncate_signed                  0x00000000   Number         0  stubs.o ABSOLUTE
    _printf_truncate_unsigned                0x00000000   Number         0  stubs.o ABSOLUTE
    _printf_u                                0x00000000   Number         0  stubs.o ABSOLUTE
    _printf_wc                               0x00000000   Number         0  stubs.o ABSOLUTE
    _printf_wctomb                           0x00000000   Number         0  stubs.o ABSOLUTE
    _printf_widthprec                        0x00000000   Number         0  stubs.o ABSOLUTE
    _printf_x                                0x00000000   Number         0  stubs.o ABSOLUTE
    __cpp_initialize__aeabi_                  - Undefined Weak Reference
    __cxa_finalize                            - Undefined Weak Reference
    __decompress                              - Undefined Weak Reference
    _clock_init                               - Undefined Weak Reference
    _microlib_exit                            - Undefined Weak Reference
    __Vectors_Size                           0x000001c4   Number         0  startup_stm32f446xx.o ABSOLUTE
    __Vectors                                0x08000000   Data           4  startup_stm32f446xx.o(RESET)
    __Vectors_End                            0x080001c4   Data           0  startup_stm32f446xx.o(RESET)
    __main                                   0x080001c5   Thumb Code     0  entry.o(.ARM.Collect$$$$00000000)
    _main_stk                                0x080001c5   Thumb Code     0  entry2.o(.ARM.Collect$$$$00000001)
    _main_scatterload                        0x080001c9   Thumb Code     0  entry5.o(.ARM.Collect$$$$00000004)
    __main_after_scatterload                 0x080001cd   Thumb Code     0  entry5.o(.ARM.Collect$$$$00000004)
    _main_clock                              0x080001cd   Thumb Code     0  entry7b.o(.ARM.Collect$$$$00000008)
    _main_cpp_init                           0x080001cd   Thumb Code     0  entry8b.o(.ARM.Collect$$$$0000000A)
    _main_init                               0x080001cd   Thumb Code     0  entry9a.o(.ARM.Collect$$$$0000000B)
    __rt_final_cpp                           0x080001d5   Thumb Code     0  entry10a.o(.ARM.Collect$$$$0000000D)
    __rt_final_exit                          0x080001d5   Thumb Code     0  entry11a.o(.ARM.Collect$$$$0000000F)
    Reset_Handler                            0x080001d9   Thumb Code     8  startup_stm32f446xx.o(.text)
    ADC_IRQHandler                           0x080001f3   Thumb Code     0  startup_stm32f446xx.o(.text)
    CAN1_RX0_IRQHandler                      0x080001f3   Thumb Code     0  startup_stm32f446xx.o(.text)
    CAN1_RX1_IRQHandler                      0x080001f3   Thumb Code     0  startup_stm32f446xx.o(.text)
    CAN1_SCE_IRQHandler                      0x080001f3   Thumb Code     0  startup_stm32f446xx.o(.text)
    CAN1_TX_IRQHandler                       0x080001f3   Thumb Code     0  startup_stm32f446xx.o(.text)
    CAN2_RX0_IRQHandler                      0x080001f3   Thumb Code     0  startup_stm32f446xx.o(.text)
    CAN2_RX1_IRQHandler                      0x080001f3   Thumb Code     0  startup_stm32f446xx.o(.text)
    CAN2_SCE_IRQHandler                      0x080001f3   Thumb Code     0  startup_stm32f446xx.o(.text)
    CAN2_TX_IRQHandler                       0x080001f3   Thumb Code     0  startup_stm32f446xx.o(.text)
    CEC_IRQHandler                           0x080001f3   Thumb Code     0  startup_stm32f446xx.o(.text)
    DCMI_IRQHandler                          0x080001f3   Thumb Code     0  startup_stm32f446xx.o(.text)
    DMA1_Stream0_IRQHandler                  0x080001f3   Thumb Code     0  startup_stm32f446xx.o(.text)
    DMA1_Stream1_IRQHandler                  0x080001f3   Thumb Code     0  startup_stm32f446xx.o(.text)
    DMA1_Stream2_IRQHandler                  0x080001f3   Thumb Code     0  startup_stm32f446xx.o(.text)
    DMA1_Stream3_IRQHandler                  0x080001f3   Thumb Code     0  startup_stm32f446xx.o(.text)
    DMA1_Stream4_IRQHandler                  0x080001f3   Thumb Code     0  startup_stm32f446xx.o(.text)
    DMA1_Stream5_IRQHandler                  0x080001f3   Thumb Code     0  startup_stm32f446xx.o(.text)
    DMA1_Stream6_IRQHandler                  0x080001f3   Thumb Code     0  startup_stm32f446xx.o(.text)
    DMA1_Stream7_IRQHandler                  0x080001f3   Thumb Code     0  startup_stm32f446xx.o(.text)
    DMA2_Stream0_IRQHandler                  0x080001f3   Thumb Code     0  startup_stm32f446xx.o(.text)
    DMA2_Stream1_IRQHandler                  0x080001f3   Thumb Code     0  startup_stm32f446xx.o(.text)
    DMA2_Stream2_IRQHandler                  0x080001f3   Thumb Code     0  startup_stm32f446xx.o(.text)
    DMA2_Stream3_IRQHandler                  0x080001f3   Thumb Code     0  startup_stm32f446xx.o(.text)
    DMA2_Stream4_IRQHandler                  0x080001f3   Thumb Code     0  startup_stm32f446xx.o(.text)
    DMA2_Stream5_IRQHandler                  0x080001f3   Thumb Code     0  startup_stm32f446xx.o(.text)
    DMA2_Stream6_IRQHandler                  0x080001f3   Thumb Code     0  startup_stm32f446xx.o(.text)
    DMA2_Stream7_IRQHandler                  0x080001f3   Thumb Code     0  startup_stm32f446xx.o(.text)
    EXTI0_IRQHandler                         0x080001f3   Thumb Code     0  startup_stm32f446xx.o(.text)
    EXTI15_10_IRQHandler                     0x080001f3   Thumb Code     0  startup_stm32f446xx.o(.text)
    EXTI1_IRQHandler                         0x080001f3   Thumb Code     0  startup_stm32f446xx.o(.text)
    EXTI2_IRQHandler                         0x080001f3   Thumb Code     0  startup_stm32f446xx.o(.text)
    EXTI3_IRQHandler                         0x080001f3   Thumb Code     0  startup_stm32f446xx.o(.text)
    EXTI4_IRQHandler                         0x080001f3   Thumb Code     0  startup_stm32f446xx.o(.text)
    EXTI9_5_IRQHandler                       0x080001f3   Thumb Code     0  startup_stm32f446xx.o(.text)
    FLASH_IRQHandler                         0x080001f3   Thumb Code     0  startup_stm32f446xx.o(.text)
    FMC_IRQHandler                           0x080001f3   Thumb Code     0  startup_stm32f446xx.o(.text)
    FPU_IRQHandler                           0x080001f3   Thumb Code     0  startup_stm32f446xx.o(.text)
    I2C1_ER_IRQHandler                       0x080001f3   Thumb Code     0  startup_stm32f446xx.o(.text)
    I2C1_EV_IRQHandler                       0x080001f3   Thumb Code     0  startup_stm32f446xx.o(.text)
    I2C2_ER_IRQHandler                       0x080001f3   Thumb Code     0  startup_stm32f446xx.o(.text)
    I2C2_EV_IRQHandler                       0x080001f3   Thumb Code     0  startup_stm32f446xx.o(.text)
    I2C3_ER_IRQHandler                       0x080001f3   Thumb Code     0  startup_stm32f446xx.o(.text)
    I2C3_EV_IRQHandler                       0x080001f3   Thumb Code     0  startup_stm32f446xx.o(.text)
    I2C4_Error_IRQHandler                    0x080001f3   Thumb Code     0  startup_stm32f446xx.o(.text)
    I2C4_Event_IRQHandler                    0x080001f3   Thumb Code     0  startup_stm32f446xx.o(.text)
    OTG_FS_IRQHandler                        0x080001f3   Thumb Code     0  startup_stm32f446xx.o(.text)
    OTG_FS_WKUP_IRQHandler                   0x080001f3   Thumb Code     0  startup_stm32f446xx.o(.text)
    OTG_HS_EP1_IN_IRQHandler                 0x080001f3   Thumb Code     0  startup_stm32f446xx.o(.text)
    OTG_HS_EP1_OUT_IRQHandler                0x080001f3   Thumb Code     0  startup_stm32f446xx.o(.text)
    OTG_HS_IRQHandler                        0x080001f3   Thumb Code     0  startup_stm32f446xx.o(.text)
    OTG_HS_WKUP_IRQHandler                   0x080001f3   Thumb Code     0  startup_stm32f446xx.o(.text)
    PVD_IRQHandler                           0x080001f3   Thumb Code     0  startup_stm32f446xx.o(.text)
    QUADSPI_IRQHandler                       0x080001f3   Thumb Code     0  startup_stm32f446xx.o(.text)
    RCC_IRQHandler                           0x080001f3   Thumb Code     0  startup_stm32f446xx.o(.text)
    RTC_Alarm_IRQHandler                     0x080001f3   Thumb Code     0  startup_stm32f446xx.o(.text)
    RTC_WKUP_IRQHandler                      0x080001f3   Thumb Code     0  startup_stm32f446xx.o(.text)
    SAI1_IRQHandler                          0x080001f3   Thumb Code     0  startup_stm32f446xx.o(.text)
    SAI2_IRQHandler                          0x080001f3   Thumb Code     0  startup_stm32f446xx.o(.text)
    SDIO_IRQHandler                          0x080001f3   Thumb Code     0  startup_stm32f446xx.o(.text)
    SPDIF_RX_IRQHandler                      0x080001f3   Thumb Code     0  startup_stm32f446xx.o(.text)
    SPI1_IRQHandler                          0x080001f3   Thumb Code     0  startup_stm32f446xx.o(.text)
    SPI2_IRQHandler                          0x080001f3   Thumb Code     0  startup_stm32f446xx.o(.text)
    SPI3_IRQHandler                          0x080001f3   Thumb Code     0  startup_stm32f446xx.o(.text)
    SPI4_IRQHandler                          0x080001f3   Thumb Code     0  startup_stm32f446xx.o(.text)
    TAMP_STAMP_IRQHandler                    0x080001f3   Thumb Code     0  startup_stm32f446xx.o(.text)
    TIM1_BRK_TIM9_IRQHandler                 0x080001f3   Thumb Code     0  startup_stm32f446xx.o(.text)
    TIM1_CC_IRQHandler                       0x080001f3   Thumb Code     0  startup_stm32f446xx.o(.text)
    TIM1_TRG_COM_TIM11_IRQHandler            0x080001f3   Thumb Code     0  startup_stm32f446xx.o(.text)
    TIM1_UP_TIM10_IRQHandler                 0x080001f3   Thumb Code     0  startup_stm32f446xx.o(.text)
    TIM2_IRQHandler                          0x080001f3   Thumb Code     0  startup_stm32f446xx.o(.text)
    TIM3_IRQHandler                          0x080001f3   Thumb Code     0  startup_stm32f446xx.o(.text)
    TIM4_IRQHandler                          0x080001f3   Thumb Code     0  startup_stm32f446xx.o(.text)
    TIM5_IRQHandler                          0x080001f3   Thumb Code     0  startup_stm32f446xx.o(.text)
    TIM6_DAC_IRQHandler                      0x080001f3   Thumb Code     0  startup_stm32f446xx.o(.text)
    TIM7_IRQHandler                          0x080001f3   Thumb Code     0  startup_stm32f446xx.o(.text)
    TIM8_BRK_TIM12_IRQHandler                0x080001f3   Thumb Code     0  startup_stm32f446xx.o(.text)
    TIM8_CC_IRQHandler                       0x080001f3   Thumb Code     0  startup_stm32f446xx.o(.text)
    TIM8_TRG_COM_TIM14_IRQHandler            0x080001f3   Thumb Code     0  startup_stm32f446xx.o(.text)
    TIM8_UP_TIM13_IRQHandler                 0x080001f3   Thumb Code     0  startup_stm32f446xx.o(.text)
    USART1_IRQHandler                        0x080001f3   Thumb Code     0  startup_stm32f446xx.o(.text)
    USART2_IRQHandler                        0x080001f3   Thumb Code     0  startup_stm32f446xx.o(.text)
    USART3_IRQHandler                        0x080001f3   Thumb Code     0  startup_stm32f446xx.o(.text)
    USART6_IRQHandler                        0x080001f3   Thumb Code     0  startup_stm32f446xx.o(.text)
    WWDG_IRQHandler                          0x080001f3   Thumb Code     0  startup_stm32f446xx.o(.text)
    __aeabi_uldivmod                         0x080001fd   Thumb Code    98  uldiv.o(.text)
    __aeabi_memset                           0x0800025f   Thumb Code    14  memseta.o(.text)
    __aeabi_memset4                          0x0800025f   Thumb Code     0  memseta.o(.text)
    __aeabi_memset8                          0x0800025f   Thumb Code     0  memseta.o(.text)
    __aeabi_memclr                           0x0800026d   Thumb Code     4  memseta.o(.text)
    __aeabi_memclr4                          0x0800026d   Thumb Code     0  memseta.o(.text)
    __aeabi_memclr8                          0x0800026d   Thumb Code     0  memseta.o(.text)
    _memset$wrapper                          0x08000271   Thumb Code    18  memseta.o(.text)
    strlen                                   0x08000283   Thumb Code    14  strlen.o(.text)
    strcpy                                   0x08000291   Thumb Code    18  strcpy.o(.text)
    strncmp                                  0x080002a3   Thumb Code    30  strncmp.o(.text)
    __aeabi_dmul                             0x080002c1   Thumb Code   228  dmul.o(.text)
    __aeabi_f2d                              0x080003a5   Thumb Code    38  f2d.o(.text)
    __aeabi_cdrcmple                         0x080003cd   Thumb Code    48  cdrcmple.o(.text)
    __aeabi_d2f                              0x080003fd   Thumb Code    56  d2f.o(.text)
    __aeabi_uidiv                            0x08000435   Thumb Code     0  uidiv.o(.text)
    __aeabi_uidivmod                         0x08000435   Thumb Code    44  uidiv.o(.text)
    __aeabi_llsl                             0x08000461   Thumb Code    30  llshl.o(.text)
    _ll_shift_l                              0x08000461   Thumb Code     0  llshl.o(.text)
    __aeabi_llsr                             0x0800047f   Thumb Code    32  llushr.o(.text)
    _ll_ushift_r                             0x0800047f   Thumb Code     0  llushr.o(.text)
    __I$use$fp                               0x0800049f   Thumb Code     0  iusefp.o(.text)
    _float_round                             0x0800049f   Thumb Code    18  fepilogue.o(.text)
    _float_epilogue                          0x080004b1   Thumb Code    92  fepilogue.o(.text)
    _double_round                            0x0800050d   Thumb Code    30  depilogue.o(.text)
    _double_epilogue                         0x0800052b   Thumb Code   156  depilogue.o(.text)
    __aeabi_dadd                             0x080005c7   Thumb Code   322  dadd.o(.text)
    __aeabi_dsub                             0x08000709   Thumb Code     6  dadd.o(.text)
    __aeabi_drsub                            0x0800070f   Thumb Code     6  dadd.o(.text)
    __aeabi_ddiv                             0x08000715   Thumb Code   222  ddiv.o(.text)
    __aeabi_d2ulz                            0x080007f3   Thumb Code    48  dfixul.o(.text)
    __scatterload                            0x08000825   Thumb Code    28  init.o(.text)
    __scatterload_rt2                        0x08000825   Thumb Code     0  init.o(.text)
    __aeabi_lasr                             0x08000849   Thumb Code    36  llsshr.o(.text)
    _ll_sshift_r                             0x08000849   Thumb Code     0  llsshr.o(.text)
    BusFault_Handler                         0x080009c9   Thumb Code     4  stm32f4xx_it.o(i.BusFault_Handler)
    DebugMon_Handler                         0x080009cd   Thumb Code     2  stm32f4xx_it.o(i.DebugMon_Handler)
    Dual_mux_selection                       0x080009d1   Thumb Code   116  test.o(i.Dual_mux_selection)
    Error_Handler                            0x08000a4d   Thumb Code     2  main.o(i.Error_Handler)
    Get_ADC2_value                           0x08000a51   Thumb Code    90  sys_core.o(i.Get_ADC2_value)
    HAL_ADC_ConfigChannel                    0x08000ab1   Thumb Code   384  stm32f4xx_hal_adc.o(i.HAL_ADC_ConfigChannel)
    HAL_ADC_GetState                         0x08000c45   Thumb Code     6  stm32f4xx_hal_adc.o(i.HAL_ADC_GetState)
    HAL_ADC_GetValue                         0x08000c4b   Thumb Code     8  stm32f4xx_hal_adc.o(i.HAL_ADC_GetValue)
    HAL_ADC_Init                             0x08000c55   Thumb Code   100  stm32f4xx_hal_adc.o(i.HAL_ADC_Init)
    HAL_ADC_MspInit                          0x08000cbd   Thumb Code   114  adc.o(i.HAL_ADC_MspInit)
    HAL_ADC_PollForConversion                0x08000d3d   Thumb Code   186  stm32f4xx_hal_adc.o(i.HAL_ADC_PollForConversion)
    HAL_ADC_Start                            0x08000df9   Thumb Code   238  stm32f4xx_hal_adc.o(i.HAL_ADC_Start)
    HAL_DMA_Abort_IT                         0x08000ef9   Thumb Code    40  stm32f4xx_hal_dma.o(i.HAL_DMA_Abort_IT)
    HAL_Delay                                0x08000f21   Thumb Code    36  stm32f4xx_hal.o(i.HAL_Delay)
    HAL_GPIO_Init                            0x08000f49   Thumb Code   456  stm32f4xx_hal_gpio.o(i.HAL_GPIO_Init)
    HAL_GPIO_TogglePin                       0x08001139   Thumb Code     8  stm32f4xx_hal_gpio.o(i.HAL_GPIO_TogglePin)
    HAL_GPIO_WritePin                        0x08001141   Thumb Code    12  stm32f4xx_hal_gpio.o(i.HAL_GPIO_WritePin)
    HAL_GetTick                              0x0800114d   Thumb Code     6  stm32f4xx_hal.o(i.HAL_GetTick)
    HAL_IncTick                              0x08001159   Thumb Code    16  stm32f4xx_hal.o(i.HAL_IncTick)
    HAL_Init                                 0x08001171   Thumb Code    54  stm32f4xx_hal.o(i.HAL_Init)
    HAL_InitTick                             0x080011ad   Thumb Code    64  stm32f4xx_hal.o(i.HAL_InitTick)
    HAL_MspInit                              0x080011f9   Thumb Code    68  stm32f4xx_hal_msp.o(i.HAL_MspInit)
    HAL_NVIC_EnableIRQ                       0x08001241   Thumb Code    26  stm32f4xx_hal_cortex.o(i.HAL_NVIC_EnableIRQ)
    HAL_NVIC_SetPriority                     0x0800125b   Thumb Code   124  stm32f4xx_hal_cortex.o(i.HAL_NVIC_SetPriority)
    HAL_NVIC_SetPriorityGrouping             0x080012d9   Thumb Code    32  stm32f4xx_hal_cortex.o(i.HAL_NVIC_SetPriorityGrouping)
    HAL_PWREx_EnableOverDrive                0x08001301   Thumb Code   128  stm32f4xx_hal_pwr_ex.o(i.HAL_PWREx_EnableOverDrive)
    HAL_RCC_ClockConfig                      0x0800138d   Thumb Code   366  stm32f4xx_hal_rcc.o(i.HAL_RCC_ClockConfig)
    HAL_RCC_GetHCLKFreq                      0x0800150d   Thumb Code     6  stm32f4xx_hal_rcc.o(i.HAL_RCC_GetHCLKFreq)
    HAL_RCC_GetPCLK1Freq                     0x08001519   Thumb Code    22  stm32f4xx_hal_rcc.o(i.HAL_RCC_GetPCLK1Freq)
    HAL_RCC_GetPCLK2Freq                     0x08001539   Thumb Code    22  stm32f4xx_hal_rcc.o(i.HAL_RCC_GetPCLK2Freq)
    HAL_RCC_GetSysClockFreq                  0x08001559   Thumb Code   266  stm32f4xx_hal_rcc_ex.o(i.HAL_RCC_GetSysClockFreq)
    HAL_RCC_OscConfig                        0x08001671   Thumb Code  1142  stm32f4xx_hal_rcc_ex.o(i.HAL_RCC_OscConfig)
    HAL_SYSTICK_Config                       0x08001af1   Thumb Code    52  stm32f4xx_hal_cortex.o(i.HAL_SYSTICK_Config)
    HAL_UART_ErrorCallback                   0x08001b25   Thumb Code     2  stm32f4xx_hal_uart.o(i.HAL_UART_ErrorCallback)
    HAL_UART_GetState                        0x08001b27   Thumb Code    20  stm32f4xx_hal_uart.o(i.HAL_UART_GetState)
    HAL_UART_IRQHandler                      0x08001b3d   Thumb Code   326  stm32f4xx_hal_uart.o(i.HAL_UART_IRQHandler)
    HAL_UART_Init                            0x08001c89   Thumb Code   114  stm32f4xx_hal_uart.o(i.HAL_UART_Init)
    HAL_UART_MspInit                         0x08001cfd   Thumb Code   344  usart.o(i.HAL_UART_MspInit)
    HAL_UART_Receive_IT                      0x08001e6d   Thumb Code   100  stm32f4xx_hal_uart.o(i.HAL_UART_Receive_IT)
    HAL_UART_RxCpltCallback                  0x08001ed1   Thumb Code   314  cmd_h.o(i.HAL_UART_RxCpltCallback)
    HAL_UART_Transmit                        0x0800203d   Thumb Code   214  stm32f4xx_hal_uart.o(i.HAL_UART_Transmit)
    HAL_UART_TxCpltCallback                  0x08002113   Thumb Code     2  stm32f4xx_hal_uart.o(i.HAL_UART_TxCpltCallback)
    HardFault_Handler                        0x08002115   Thumb Code     4  stm32f4xx_it.o(i.HardFault_Handler)
    MX_ADC2_Init                             0x08002119   Thumb Code    96  adc.o(i.MX_ADC2_Init)
    MX_GPIO_Init                             0x08002185   Thumb Code   296  gpio.o(i.MX_GPIO_Init)
    MX_UART4_Init                            0x080022bd   Thumb Code    46  usart.o(i.MX_UART4_Init)
    MX_UART5_Init                            0x080022f5   Thumb Code    46  usart.o(i.MX_UART5_Init)
    MemManage_Handler                        0x0800232d   Thumb Code     4  stm32f4xx_it.o(i.MemManage_Handler)
    NMI_Handler                              0x08002331   Thumb Code     2  stm32f4xx_it.o(i.NMI_Handler)
    PendSV_Handler                           0x0800236d   Thumb Code     2  stm32f4xx_it.o(i.PendSV_Handler)
    SVC_Handler                              0x0800236f   Thumb Code     2  stm32f4xx_it.o(i.SVC_Handler)
    Scap_EN_PIN_SEL                          0x08002371   Thumb Code   162  test.o(i.Scap_EN_PIN_SEL)
    Sense_PIN_SEL                            0x08002421   Thumb Code   160  test.o(i.Sense_PIN_SEL)
    SysTick_Handler                          0x080024c9   Thumb Code     8  stm32f4xx_it.o(i.SysTick_Handler)
    SystemClock_Config                       0x080024d1   Thumb Code   180  main.o(i.SystemClock_Config)
    SystemInit                               0x0800258d   Thumb Code    82  system_stm32f4xx.o(i.SystemInit)
    UART4_IRQHandler                         0x080025f1   Thumb Code    10  stm32f4xx_it.o(i.UART4_IRQHandler)
    UART5_IRQHandler                         0x08002601   Thumb Code    10  stm32f4xx_it.o(i.UART5_IRQHandler)
    UsageFault_Handler                       0x08002b3d   Thumb Code     4  stm32f4xx_it.o(i.UsageFault_Handler)
    __0sprintf                               0x08002b41   Thumb Code    34  printfa.o(i.__0sprintf)
    __1sprintf                               0x08002b41   Thumb Code     0  printfa.o(i.__0sprintf)
    __2sprintf                               0x08002b41   Thumb Code     0  printfa.o(i.__0sprintf)
    __c89sprintf                             0x08002b41   Thumb Code     0  printfa.o(i.__0sprintf)
    sprintf                                  0x08002b41   Thumb Code     0  printfa.o(i.__0sprintf)
    __scatterload_copy                       0x08002b69   Thumb Code    14  handlers.o(i.__scatterload_copy)
    __scatterload_null                       0x08002b77   Thumb Code     2  handlers.o(i.__scatterload_null)
    __scatterload_zeroinit                   0x08002b79   Thumb Code    14  handlers.o(i.__scatterload_zeroinit)
    charge_enable_pin                        0x08003445   Thumb Code    74  test.o(i.charge_enable_pin)
    disharge_pin                             0x0800349d   Thumb Code    50  test.o(i.disharge_pin)
    enable_rx_interrupt                      0x080034dd   Thumb Code    24  cmd_h.o(i.enable_rx_interrupt)
    get_packet_form_pc                       0x080034fd   Thumb Code   222  cmd_h.o(i.get_packet_form_pc)
    hal_min                                  0x080035e1   Thumb Code    22  test.o(i.hal_min)
    hal_sec                                  0x080035f7   Thumb Code    24  test.o(i.hal_sec)
    init_str                                 0x0800360f   Thumb Code    22  init.o(i.init_str)
    led_cnt                                  0x08003625   Thumb Code   104  test.o(i.led_cnt)
    main                                     0x08003691   Thumb Code   180  main.o(i.main)
    malloc                                   0x08003799   Thumb Code    92  malloc.o(i.malloc)
    my_delay                                 0x08003805   Thumb Code    24  test.o(i.my_delay)
    reset_packet_object                      0x0800381d   Thumb Code    16  cmd_h.o(i.reset_packet_object)
    select_test_routine                      0x0800382d   Thumb Code   256  test_h.o(i.select_test_routine)
    transimit_str_to                         0x08003951   Thumb Code    22  cmd_h.o(i.transimit_str_to)
    vol_read_all                             0x0800396d   Thumb Code  1192  test.o(i.vol_read_all)
    AHBPrescTable                            0x08003e14   Data          16  system_stm32f4xx.o(.constdata)
    APBPrescTable                            0x08003e24   Data           8  system_stm32f4xx.o(.constdata)
    Region$$Table$$Base                      0x08003e98   Number         0  anon$$obj.o(Region$$Table)
    Region$$Table$$Limit                     0x08003eb8   Number         0  anon$$obj.o(Region$$Table)
    step                                     0x20000000   Data           4  main.o(.data)
    pack_received_cmplt                      0x20000004   Data           1  main.o(.data)
    current_rx_ch                            0x20000005   Data           1  main.o(.data)
    curr_Rx_index                            0x20000006   Data           1  main.o(.data)
    orignal_data                             0x20000007   Data           1  main.o(.data)
    num_index                                0x20000008   Data           1  main.o(.data)
    uwTick                                   0x2000000c   Data           4  stm32f4xx_hal.o(.data)
    uwTickPrio                               0x20000010   Data           4  stm32f4xx_hal.o(.data)
    uwTickFreq                               0x20000014   Data           1  stm32f4xx_hal.o(.data)
    SystemCoreClock                          0x20000018   Data           4  system_stm32f4xx.o(.data)
    byte_cmplt                               0x2000001c   Data           1  cmd_h.o(.data)
    test_name                                0x20000020   Data          32  test.o(.data)
    AdcVal                                   0x20000040   Data           4  test.o(.data)
    volt                                     0x20000044   Data           4  test.o(.data)
    __microlib_freelist                      0x20000048   Data           4  mvars.o(.data)
    __microlib_freelist_initialised          0x2000004c   Data           4  mvars.o(.data)
    response                                 0x20000050   Data         150  main.o(.bss)
    my_data                                  0x200000e6   Data         100  main.o(.bss)
    Rx_Buffer                                0x2000014a   Data          50  main.o(.bss)
    arri_buffer                              0x2000017c   Data          10  main.o(.bss)
    hadc2                                    0x20000188   Data          72  adc.o(.bss)
    huart4                                   0x200001d0   Data          64  usart.o(.bss)
    huart5                                   0x20000210   Data          64  usart.o(.bss)
    __heap_base                              0x20000250   Data           0  startup_stm32f446xx.o(HEAP)
    __heap_limit                             0x20000450   Data           0  startup_stm32f446xx.o(HEAP)
    __initial_sp                             0x20000850   Data           0  startup_stm32f446xx.o(STACK)



==============================================================================

Memory Map of the image

  Image Entry point : 0x080001c5

  Load Region LR_IROM1 (Base: 0x08000000, Size: 0x00003f08, Max: 0x00040000, ABSOLUTE)

    Execution Region ER_IROM1 (Exec base: 0x08000000, Load base: 0x08000000, Size: 0x00003eb8, Max: 0x00040000, ABSOLUTE)

    Exec Addr    Load Addr    Size         Type   Attr      Idx    E Section Name        Object

    0x08000000   0x08000000   0x000001c4   Data   RO            3    RESET               startup_stm32f446xx.o
    0x080001c4   0x080001c4   0x00000000   Code   RO         3465  * .ARM.Collect$$$$00000000  mc_w.l(entry.o)
    0x080001c4   0x080001c4   0x00000004   Code   RO         3775    .ARM.Collect$$$$00000001  mc_w.l(entry2.o)
    0x080001c8   0x080001c8   0x00000004   Code   RO         3778    .ARM.Collect$$$$00000004  mc_w.l(entry5.o)
    0x080001cc   0x080001cc   0x00000000   Code   RO         3780    .ARM.Collect$$$$00000008  mc_w.l(entry7b.o)
    0x080001cc   0x080001cc   0x00000000   Code   RO         3782    .ARM.Collect$$$$0000000A  mc_w.l(entry8b.o)
    0x080001cc   0x080001cc   0x00000008   Code   RO         3783    .ARM.Collect$$$$0000000B  mc_w.l(entry9a.o)
    0x080001d4   0x080001d4   0x00000000   Code   RO         3785    .ARM.Collect$$$$0000000D  mc_w.l(entry10a.o)
    0x080001d4   0x080001d4   0x00000000   Code   RO         3787    .ARM.Collect$$$$0000000F  mc_w.l(entry11a.o)
    0x080001d4   0x080001d4   0x00000004   Code   RO         3776    .ARM.Collect$$$$00002712  mc_w.l(entry2.o)
    0x080001d8   0x080001d8   0x00000024   Code   RO            4    .text               startup_stm32f446xx.o
    0x080001fc   0x080001fc   0x00000062   Code   RO         3468    .text               mc_w.l(uldiv.o)
    0x0800025e   0x0800025e   0x00000024   Code   RO         3470    .text               mc_w.l(memseta.o)
    0x08000282   0x08000282   0x0000000e   Code   RO         3472    .text               mc_w.l(strlen.o)
    0x08000290   0x08000290   0x00000012   Code   RO         3474    .text               mc_w.l(strcpy.o)
    0x080002a2   0x080002a2   0x0000001e   Code   RO         3476    .text               mc_w.l(strncmp.o)
    0x080002c0   0x080002c0   0x000000e4   Code   RO         3767    .text               mf_w.l(dmul.o)
    0x080003a4   0x080003a4   0x00000026   Code   RO         3769    .text               mf_w.l(f2d.o)
    0x080003ca   0x080003ca   0x00000002   PAD
    0x080003cc   0x080003cc   0x00000030   Code   RO         3771    .text               mf_w.l(cdrcmple.o)
    0x080003fc   0x080003fc   0x00000038   Code   RO         3773    .text               mf_w.l(d2f.o)
    0x08000434   0x08000434   0x0000002c   Code   RO         3792    .text               mc_w.l(uidiv.o)
    0x08000460   0x08000460   0x0000001e   Code   RO         3794    .text               mc_w.l(llshl.o)
    0x0800047e   0x0800047e   0x00000020   Code   RO         3796    .text               mc_w.l(llushr.o)
    0x0800049e   0x0800049e   0x00000000   Code   RO         3804    .text               mc_w.l(iusefp.o)
    0x0800049e   0x0800049e   0x0000006e   Code   RO         3805    .text               mf_w.l(fepilogue.o)
    0x0800050c   0x0800050c   0x000000ba   Code   RO         3807    .text               mf_w.l(depilogue.o)
    0x080005c6   0x080005c6   0x0000014e   Code   RO         3809    .text               mf_w.l(dadd.o)
    0x08000714   0x08000714   0x000000de   Code   RO         3811    .text               mf_w.l(ddiv.o)
    0x080007f2   0x080007f2   0x00000030   Code   RO         3813    .text               mf_w.l(dfixul.o)
    0x08000822   0x08000822   0x00000002   PAD
    0x08000824   0x08000824   0x00000024   Code   RO         3815    .text               mc_w.l(init.o)
    0x08000848   0x08000848   0x00000024   Code   RO         3818    .text               mc_w.l(llsshr.o)
    0x0800086c   0x0800086c   0x0000015c   Code   RO          173    i.ADC_Init          stm32f4xx_hal_adc.o
    0x080009c8   0x080009c8   0x00000004   Code   RO         3079    i.BusFault_Handler  stm32f4xx_it.o
    0x080009cc   0x080009cc   0x00000002   Code   RO         3080    i.DebugMon_Handler  stm32f4xx_it.o
    0x080009ce   0x080009ce   0x00000002   PAD
    0x080009d0   0x080009d0   0x0000007c   Code   RO         3323    i.Dual_mux_selection  test.o
    0x08000a4c   0x08000a4c   0x00000002   Code   RO           13    i.Error_Handler     main.o
    0x08000a4e   0x08000a4e   0x00000002   PAD
    0x08000a50   0x08000a50   0x00000060   Code   RO         3424    i.Get_ADC2_value    sys_core.o
    0x08000ab0   0x08000ab0   0x00000194   Code   RO          175    i.HAL_ADC_ConfigChannel  stm32f4xx_hal_adc.o
    0x08000c44   0x08000c44   0x00000006   Code   RO          181    i.HAL_ADC_GetState  stm32f4xx_hal_adc.o
    0x08000c4a   0x08000c4a   0x00000008   Code   RO          182    i.HAL_ADC_GetValue  stm32f4xx_hal_adc.o
    0x08000c52   0x08000c52   0x00000002   PAD
    0x08000c54   0x08000c54   0x00000068   Code   RO          184    i.HAL_ADC_Init      stm32f4xx_hal_adc.o
    0x08000cbc   0x08000cbc   0x00000080   Code   RO         2990    i.HAL_ADC_MspInit   adc.o
    0x08000d3c   0x08000d3c   0x000000ba   Code   RO          188    i.HAL_ADC_PollForConversion  stm32f4xx_hal_adc.o
    0x08000df6   0x08000df6   0x00000002   PAD
    0x08000df8   0x08000df8   0x00000100   Code   RO          190    i.HAL_ADC_Start     stm32f4xx_hal_adc.o
    0x08000ef8   0x08000ef8   0x00000028   Code   RO         2347    i.HAL_DMA_Abort_IT  stm32f4xx_hal_dma.o
    0x08000f20   0x08000f20   0x00000028   Code   RO         2788    i.HAL_Delay         stm32f4xx_hal.o
    0x08000f48   0x08000f48   0x000001f0   Code   RO         2239    i.HAL_GPIO_Init     stm32f4xx_hal_gpio.o
    0x08001138   0x08001138   0x00000008   Code   RO         2242    i.HAL_GPIO_TogglePin  stm32f4xx_hal_gpio.o
    0x08001140   0x08001140   0x0000000c   Code   RO         2243    i.HAL_GPIO_WritePin  stm32f4xx_hal_gpio.o
    0x0800114c   0x0800114c   0x0000000c   Code   RO         2794    i.HAL_GetTick       stm32f4xx_hal.o
    0x08001158   0x08001158   0x00000018   Code   RO         2798    i.HAL_IncTick       stm32f4xx_hal.o
    0x08001170   0x08001170   0x0000003c   Code   RO         2799    i.HAL_Init          stm32f4xx_hal.o
    0x080011ac   0x080011ac   0x0000004c   Code   RO         2800    i.HAL_InitTick      stm32f4xx_hal.o
    0x080011f8   0x080011f8   0x00000048   Code   RO         3055    i.HAL_MspInit       stm32f4xx_hal_msp.o
    0x08001240   0x08001240   0x0000001a   Code   RO         2646    i.HAL_NVIC_EnableIRQ  stm32f4xx_hal_cortex.o
    0x0800125a   0x0800125a   0x0000007c   Code   RO         2652    i.HAL_NVIC_SetPriority  stm32f4xx_hal_cortex.o
    0x080012d6   0x080012d6   0x00000002   PAD
    0x080012d8   0x080012d8   0x00000028   Code   RO         2653    i.HAL_NVIC_SetPriorityGrouping  stm32f4xx_hal_cortex.o
    0x08001300   0x08001300   0x0000008c   Code   RO         2575    i.HAL_PWREx_EnableOverDrive  stm32f4xx_hal_pwr_ex.o
    0x0800138c   0x0800138c   0x00000180   Code   RO         1746    i.HAL_RCC_ClockConfig  stm32f4xx_hal_rcc.o
    0x0800150c   0x0800150c   0x0000000c   Code   RO         1751    i.HAL_RCC_GetHCLKFreq  stm32f4xx_hal_rcc.o
    0x08001518   0x08001518   0x00000020   Code   RO         1753    i.HAL_RCC_GetPCLK1Freq  stm32f4xx_hal_rcc.o
    0x08001538   0x08001538   0x00000020   Code   RO         1754    i.HAL_RCC_GetPCLK2Freq  stm32f4xx_hal_rcc.o
    0x08001558   0x08001558   0x00000118   Code   RO         1857    i.HAL_RCC_GetSysClockFreq  stm32f4xx_hal_rcc_ex.o
    0x08001670   0x08001670   0x00000480   Code   RO         1858    i.HAL_RCC_OscConfig  stm32f4xx_hal_rcc_ex.o
    0x08001af0   0x08001af0   0x00000034   Code   RO         2657    i.HAL_SYSTICK_Config  stm32f4xx_hal_cortex.o
    0x08001b24   0x08001b24   0x00000002   Code   RO         1435    i.HAL_UART_ErrorCallback  stm32f4xx_hal_uart.o
    0x08001b26   0x08001b26   0x00000014   Code   RO         1437    i.HAL_UART_GetState  stm32f4xx_hal_uart.o
    0x08001b3a   0x08001b3a   0x00000002   PAD
    0x08001b3c   0x08001b3c   0x0000014c   Code   RO         1438    i.HAL_UART_IRQHandler  stm32f4xx_hal_uart.o
    0x08001c88   0x08001c88   0x00000072   Code   RO         1439    i.HAL_UART_Init     stm32f4xx_hal_uart.o
    0x08001cfa   0x08001cfa   0x00000002   PAD
    0x08001cfc   0x08001cfc   0x00000170   Code   RO         3168    i.HAL_UART_MspInit  usart.o
    0x08001e6c   0x08001e6c   0x00000064   Code   RO         1444    i.HAL_UART_Receive_IT  stm32f4xx_hal_uart.o
    0x08001ed0   0x08001ed0   0x0000016c   Code   RO         3240    i.HAL_UART_RxCpltCallback  cmd_h.o
    0x0800203c   0x0800203c   0x000000d6   Code   RO         1447    i.HAL_UART_Transmit  stm32f4xx_hal_uart.o
    0x08002112   0x08002112   0x00000002   Code   RO         1450    i.HAL_UART_TxCpltCallback  stm32f4xx_hal_uart.o
    0x08002114   0x08002114   0x00000004   Code   RO         3081    i.HardFault_Handler  stm32f4xx_it.o
    0x08002118   0x08002118   0x0000006c   Code   RO         2991    i.MX_ADC2_Init      adc.o
    0x08002184   0x08002184   0x00000138   Code   RO         3031    i.MX_GPIO_Init      gpio.o
    0x080022bc   0x080022bc   0x00000038   Code   RO         3169    i.MX_UART4_Init     usart.o
    0x080022f4   0x080022f4   0x00000038   Code   RO         3170    i.MX_UART5_Init     usart.o
    0x0800232c   0x0800232c   0x00000004   Code   RO         3082    i.MemManage_Handler  stm32f4xx_it.o
    0x08002330   0x08002330   0x00000002   Code   RO         3083    i.NMI_Handler       stm32f4xx_it.o
    0x08002332   0x08002332   0x00000002   PAD
    0x08002334   0x08002334   0x00000010   Code   RO         2659    i.NVIC_GetPriorityGrouping  stm32f4xx_hal_cortex.o
    0x08002344   0x08002344   0x00000028   Code   RO         2660    i.NVIC_SetPriority  stm32f4xx_hal_cortex.o
    0x0800236c   0x0800236c   0x00000002   Code   RO         3084    i.PendSV_Handler    stm32f4xx_it.o
    0x0800236e   0x0800236e   0x00000002   Code   RO         3085    i.SVC_Handler       stm32f4xx_it.o
    0x08002370   0x08002370   0x000000b0   Code   RO         3324    i.Scap_EN_PIN_SEL   test.o
    0x08002420   0x08002420   0x000000a8   Code   RO         3325    i.Sense_PIN_SEL     test.o
    0x080024c8   0x080024c8   0x00000008   Code   RO         3086    i.SysTick_Handler   stm32f4xx_it.o
    0x080024d0   0x080024d0   0x000000bc   Code   RO           14    i.SystemClock_Config  main.o
    0x0800258c   0x0800258c   0x00000064   Code   RO         2953    i.SystemInit        system_stm32f4xx.o
    0x080025f0   0x080025f0   0x00000010   Code   RO         3087    i.UART4_IRQHandler  stm32f4xx_it.o
    0x08002600   0x08002600   0x00000010   Code   RO         3088    i.UART5_IRQHandler  stm32f4xx_it.o
    0x08002610   0x08002610   0x00000014   Code   RO         1452    i.UART_DMAAbortOnError  stm32f4xx_hal_uart.o
    0x08002624   0x08002624   0x00000020   Code   RO         1462    i.UART_EndRxTransfer  stm32f4xx_hal_uart.o
    0x08002644   0x08002644   0x00000020   Code   RO         1463    i.UART_EndTransmit_IT  stm32f4xx_hal_uart.o
    0x08002664   0x08002664   0x0000009a   Code   RO         1465    i.UART_Receive_IT   stm32f4xx_hal_uart.o
    0x080026fe   0x080026fe   0x00000002   PAD
    0x08002700   0x08002700   0x00000368   Code   RO         1466    i.UART_SetConfig    stm32f4xx_hal_uart.o
    0x08002a68   0x08002a68   0x00000068   Code   RO         1467    i.UART_Transmit_IT  stm32f4xx_hal_uart.o
    0x08002ad0   0x08002ad0   0x0000006c   Code   RO         1468    i.UART_WaitOnFlagUntilTimeout  stm32f4xx_hal_uart.o
    0x08002b3c   0x08002b3c   0x00000004   Code   RO         3089    i.UsageFault_Handler  stm32f4xx_it.o
    0x08002b40   0x08002b40   0x00000028   Code   RO         3713    i.__0sprintf        mc_w.l(printfa.o)
    0x08002b68   0x08002b68   0x0000000e   Code   RO         3823    i.__scatterload_copy  mc_w.l(handlers.o)
    0x08002b76   0x08002b76   0x00000002   Code   RO         3824    i.__scatterload_null  mc_w.l(handlers.o)
    0x08002b78   0x08002b78   0x0000000e   Code   RO         3825    i.__scatterload_zeroinit  mc_w.l(handlers.o)
    0x08002b86   0x08002b86   0x00000002   PAD
    0x08002b88   0x08002b88   0x00000184   Code   RO         3718    i._fp_digits        mc_w.l(printfa.o)
    0x08002d0c   0x08002d0c   0x000006dc   Code   RO         3719    i._printf_core      mc_w.l(printfa.o)
    0x080033e8   0x080033e8   0x00000024   Code   RO         3720    i._printf_post_padding  mc_w.l(printfa.o)
    0x0800340c   0x0800340c   0x0000002e   Code   RO         3721    i._printf_pre_padding  mc_w.l(printfa.o)
    0x0800343a   0x0800343a   0x0000000a   Code   RO         3723    i._sputc            mc_w.l(printfa.o)
    0x08003444   0x08003444   0x00000058   Code   RO         3327    i.charge_enable_pin  test.o
    0x0800349c   0x0800349c   0x00000040   Code   RO         3328    i.disharge_pin      test.o
    0x080034dc   0x080034dc   0x00000020   Code   RO         3241    i.enable_rx_interrupt  cmd_h.o
    0x080034fc   0x080034fc   0x000000e4   Code   RO         3242    i.get_packet_form_pc  cmd_h.o
    0x080035e0   0x080035e0   0x00000016   Code   RO         3329    i.hal_min           test.o
    0x080035f6   0x080035f6   0x00000018   Code   RO         3330    i.hal_sec           test.o
    0x0800360e   0x0800360e   0x00000016   Code   RO         3215    i.init_str          init.o
    0x08003624   0x08003624   0x0000006c   Code   RO         3331    i.led_cnt           test.o
    0x08003690   0x08003690   0x00000108   Code   RO           15    i.main              main.o
    0x08003798   0x08003798   0x0000006c   Code   RO         3740    i.malloc            mc_w.l(malloc.o)
    0x08003804   0x08003804   0x00000018   Code   RO         3332    i.my_delay          test.o
    0x0800381c   0x0800381c   0x00000010   Code   RO         3243    i.reset_packet_object  cmd_h.o
    0x0800382c   0x0800382c   0x00000124   Code   RO         3298    i.select_test_routine  test_h.o
    0x08003950   0x08003950   0x0000001c   Code   RO         3244    i.transimit_str_to  cmd_h.o
    0x0800396c   0x0800396c   0x000004a8   Code   RO         3335    i.vol_read_all      test.o
    0x08003e14   0x08003e14   0x00000018   Data   RO         2954    .constdata          system_stm32f4xx.o
    0x08003e2c   0x08003e2c   0x0000006b   Data   RO         3336    .conststring        test.o
    0x08003e97   0x08003e97   0x00000001   PAD
    0x08003e98   0x08003e98   0x00000020   Data   RO         3821    Region$$Table       anon$$obj.o


    Execution Region RW_IRAM1 (Exec base: 0x20000000, Load base: 0x08003eb8, Size: 0x00000850, Max: 0x00020000, ABSOLUTE)

    Exec Addr    Load Addr    Size         Type   Attr      Idx    E Section Name        Object

    0x20000000   0x08003eb8   0x00000009   Data   RW           17    .data               main.o
    0x20000009   0x08003ec1   0x00000003   PAD
    0x2000000c   0x08003ec4   0x00000009   Data   RW         2806    .data               stm32f4xx_hal.o
    0x20000015   0x08003ecd   0x00000003   PAD
    0x20000018   0x08003ed0   0x00000004   Data   RW         2955    .data               system_stm32f4xx.o
    0x2000001c   0x08003ed4   0x00000001   Data   RW         3246    .data               cmd_h.o
    0x2000001d   0x08003ed5   0x00000003   PAD
    0x20000020   0x08003ed8   0x00000028   Data   RW         3337    .data               test.o
    0x20000048   0x08003f00   0x00000004   Data   RW         3802    .data               mc_w.l(mvars.o)
    0x2000004c   0x08003f04   0x00000004   Data   RW         3803    .data               mc_w.l(mvars.o)
    0x20000050        -       0x00000136   Zero   RW           16    .bss                main.o
    0x20000186   0x08003f08   0x00000002   PAD
    0x20000188        -       0x00000048   Zero   RW         2992    .bss                adc.o
    0x200001d0        -       0x00000080   Zero   RW         3171    .bss                usart.o
    0x20000250        -       0x00000200   Zero   RW            2    HEAP                startup_stm32f446xx.o
    0x20000450        -       0x00000400   Zero   RW            1    STACK               startup_stm32f446xx.o


==============================================================================

Image component sizes


      Code (inc. data)   RO Data    RW Data    ZI Data      Debug   Object Name

       236         26          0          0         72       1749   adc.o
       668         70          0          1          0       4182   cmd_h.o
       312         16          0          0          0       1091   gpio.o
        22          0          0          0          0       1064   init.o
       454         92          0          9        310     688045   main.o
        36          8        452          0       1536        844   startup_stm32f446xx.o
       212         36          0          9          0       4629   stm32f4xx_hal.o
      1312         50          0          0          0     688973   stm32f4xx_hal_adc.o
       298         22          0          0          0      30971   stm32f4xx_hal_cortex.o
        40          0          0          0          0       1147   stm32f4xx_hal_dma.o
       516         40          0          0          0       2957   stm32f4xx_hal_gpio.o
        72          4          0          0          0        874   stm32f4xx_hal_msp.o
       140         12          0          0          0       1300   stm32f4xx_hal_pwr_ex.o
       460         44          0          0          0       3334   stm32f4xx_hal_rcc.o
      1432         40          0          0          0       2722   stm32f4xx_hal_rcc_ex.o
      2106         14          0          0          0      10695   stm32f4xx_hal_uart.o
        64         12          0          0          0       5312   stm32f4xx_it.o
        96          6          0          0          0        693   sys_core.o
       100         18         24          4          0       1207   system_stm32f4xx.o
      1990        254        107         40          0       7213   test.o
       292         36          0          0          0       1159   test_h.o
       480         44          0          0        128       2479   usart.o

    ----------------------------------------------------------------------
     11356        844        616         72       2048    1462640   Object Totals
         0          0         32          0          0          0   (incl. Generated)
        18          0          1          9          2          0   (incl. Padding)

    ----------------------------------------------------------------------

      Code (inc. data)   RO Data    RW Data    ZI Data      Debug   Library Member Name

         0          0          0          0          0          0   entry.o
         0          0          0          0          0          0   entry10a.o
         0          0          0          0          0          0   entry11a.o
         8          4          0          0          0          0   entry2.o
         4          0          0          0          0          0   entry5.o
         0          0          0          0          0          0   entry7b.o
         0          0          0          0          0          0   entry8b.o
         8          4          0          0          0          0   entry9a.o
        30          0          0          0          0          0   handlers.o
        36          8          0          0          0         68   init.o
         0          0          0          0          0          0   iusefp.o
        30          0          0          0          0         68   llshl.o
        36          0          0          0          0         68   llsshr.o
        32          0          0          0          0         68   llushr.o
       108         16          0          0          0         84   malloc.o
        36          0          0          0          0        108   memseta.o
         0          0          0          8          0          0   mvars.o
      2276         86          0          0          0        520   printfa.o
        18          0          0          0          0         68   strcpy.o
        14          0          0          0          0         68   strlen.o
        30          0          0          0          0         80   strncmp.o
        44          0          0          0          0         80   uidiv.o
        98          0          0          0          0         92   uldiv.o
        48          0          0          0          0         68   cdrcmple.o
        56          0          0          0          0         88   d2f.o
       334          0          0          0          0        148   dadd.o
       222          0          0          0          0        100   ddiv.o
       186          0          0          0          0        176   depilogue.o
        48          0          0          0          0         68   dfixul.o
       228          0          0          0          0         96   dmul.o
        38          0          0          0          0         68   f2d.o
       110          0          0          0          0        168   fepilogue.o

    ----------------------------------------------------------------------
      4084        118          0          8          0       2352   Library Totals
         6          0          0          0          0          0   (incl. Padding)

    ----------------------------------------------------------------------

      Code (inc. data)   RO Data    RW Data    ZI Data      Debug   Library Name

      2808        118          0          8          0       1372   mc_w.l
      1270          0          0          0          0        980   mf_w.l

    ----------------------------------------------------------------------
      4084        118          0          8          0       2352   Library Totals

    ----------------------------------------------------------------------

==============================================================================


      Code (inc. data)   RO Data    RW Data    ZI Data      Debug   

     15440        962        616         80       2048    1456400   Grand Totals
     15440        962        616         80       2048    1456400   ELF Image Totals
     15440        962        616         80          0          0   ROM Totals

==============================================================================

    Total RO  Size (Code + RO Data)                16056 (  15.68kB)
    Total RW  Size (RW Data + ZI Data)              2128 (   2.08kB)
    Total ROM Size (Code + RO Data + RW Data)      16136 (  15.76kB)

==============================================================================

